<html>
<body>
<pre>
<h1>µVision Build Log</h1>
<h2>Tool Versions:</h2>
IDE-Version: ¦ÌVision V5.23.0.0
Copyright (C) 2017 ARM Ltd and ARM Germany GmbH. All rights reserved.
License Information: Microsoft, Microsoft, LIC=8MZ45-GP7EV-59MGZ-JLDTS-EKBDC-55BJ3
 
Tool Versions:
Toolchain:       MDK-ARM Professional  Version: 5.23
Toolchain Path:  C:\Keil_v5\ARM\ARMCC\Bin
C Compiler:      Armcc.exe V5.06 update 4 (build 422)
Assembler:       Armasm.exe V5.06 update 4 (build 422)
Linker/Locator:  ArmLink.exe V5.06 update 4 (build 422)
Library Manager: ArmAr.exe V5.06 update 4 (build 422)
Hex Converter:   FromElf.exe V5.06 update 4 (build 422)
CPU DLL:         SARMCM3.DLL V5.23
Dialog DLL:      DCM.DLL V1.15.0.0
Target DLL:      Segger\JL2CM3.dll V2.99.23.0
Dialog DLL:      TCM.DLL V1.27.0.0
 
<h2>Project:</h2>
C:\Users\a\Desktop\8\2019-3-17\7080_demo_d_20190316\ec2612_demo.uvprojx
Project File Date:  03/17/2019

<h2>Output:</h2>
*** Using Compiler 'V5.06 update 4 (build 422)', folder: 'C:\Keil_v5\ARM\ARMCC\Bin'
Build target 'ec2612_demo'
compiling main.c...
compiling task_can.c...
compiling task_monitor.c...
compiling task_uart.c...
compiling task_keypad.c...
applications\task_keypad.c(108): warning:  #550-D: variable "keyscan"  was set but never used
  	static unsigned long long keyscan=(unsigned long long)-1;
applications\task_keypad.c: 1 warning, 0 errors
compiling dev_adc.c...
compiling product.c...
compiling board.c...
compiling dev_gpio.c...
compiling dev_dac.c...
compiling dev_uart.c...
compiling dev_fm25clxx.c...
compiling ops_can.c...
compiling ops_io_input.c...
compiling ops_freq_input.c...
drivers\ops_freq_input.c(549): warning:  #177-D: function "printf_freq_debug"  was declared but never referenced
  static void printf_freq_debug(enum FREQ_CH ch)
drivers\ops_freq_input.c: 1 warning, 0 errors
compiling ops_io_output.c...
compiling ops_pwm_output.c...
drivers\ops_pwm_output.c(139): warning:  #676-D: using out-of-scope declaration of function "gpio_set_mode"  (declared at line 24)
          gpio_set_mode(PORT_IO_OUTPUT_1, PIN_IO_OUTPUT_1, GPIO_Mode_Out_PP, GPIO_Speed_50MHz);
drivers\ops_pwm_output.c: 1 warning, 0 errors
compiling ops_volt_current..c...
compiling ops_resistan.c...
drivers\ops_resistan.c(35): warning:  #940-D: missing return statement at end of non-void function "count_general_res" 
  }
drivers\ops_resistan.c(142): warning:  #177-D: variable "AbsResult"  was declared but never referenced
  	int AbsResult=0;
drivers\ops_resistan.c: 2 warnings, 0 errors
compiling ops_soft_time.c...
compiling ops_storage.c...
compiling stm32f10x_it.c...
compiling system_iap.c...
compiling data_tools.c...
compiling dev_memory.c...
compiling can_iap.c...
compiling dev_beep.c...
linking...
Program Size: Code=56680 RO-data=1036 RW-data=908 ZI-data=20564  
FromELF: creating hex file...
After Build - User command #1: fromelf --bin ./build/ec2612.axf --output ./ec2612.bin
".\build\ec2612.axf" - 0 Error(s), 5 Warning(s).

<h2>Collection of Component include folders:</h2>
  .\RTE\_ec2612_demo
  C:\Keil_v5\ARM\PACK\Keil\STM32F1xx_DFP\1.1.0\Device\Include

<h2>Collection of Component Files used:</h2>
Build Time Elapsed:  00:00:12
</pre>
</body>
</html>
