Component: ARM Compiler 5.06 update 4 (build 422) Tool: armlink [4d35d2]

==============================================================================

Section Cross References

    main.o(i.main) refers to main.o(i.__set_FAULTMASK) for __set_FAULTMASK
    main.o(i.main) refers to board.o(i.hw_board_init) for hw_board_init
    main.o(i.main) refers to board.o(i.switch_mode_default_init) for switch_mode_default_init
    main.o(i.main) refers to task_monitor.o(i.read_application_info) for read_application_info
    main.o(i.main) refers to hal_cm3.o(.emb_text) for os_set_env
    main.o(i.main) refers to main.o(i.rtx_task_init) for rtx_task_init
    main.o(i.main) refers to rt_task.o(i.rt_sys_init) for rt_sys_init
    main.o(i.rtx_task_init) refers to product.o(i.get_soft_library_info) for get_soft_library_info
    main.o(i.rtx_task_init) refers to product.o(i.view_product_info) for view_product_info
    main.o(i.rtx_task_init) refers to ops_soft_time.o(.bss) for task_soft_time_heap
    main.o(i.rtx_task_init) refers to ops_soft_time.o(i.task_soft_time) for task_soft_time
    main.o(i.rtx_task_init) refers to rt_task.o(i.rt_tsk_create) for rt_tsk_create
    main.o(i.rtx_task_init) refers to ops_soft_time.o(.data) for tid_task_soft_time
    main.o(i.rtx_task_init) refers to task_keypad.o(.bss) for task_keypad_heap
    main.o(i.rtx_task_init) refers to task_keypad.o(i.task_keypad) for task_keypad
    main.o(i.rtx_task_init) refers to task_keypad.o(.data) for tid_task_keypad
    main.o(i.rtx_task_init) refers to task_uart.o(.bss) for task_uart_heap
    main.o(i.rtx_task_init) refers to task_uart.o(i.task_uart) for task_uart
    main.o(i.rtx_task_init) refers to task_uart.o(.data) for tid_task_uart
    main.o(i.rtx_task_init) refers to task_can.o(.bss) for task_can_heap
    main.o(i.rtx_task_init) refers to task_can.o(i.task_can) for task_can
    main.o(i.rtx_task_init) refers to task_can.o(.data) for tid_task_can
    main.o(i.rtx_task_init) refers to task_monitor.o(.bss) for task_monitor_heap
    main.o(i.rtx_task_init) refers to task_monitor.o(i.task_monitor) for task_monitor
    main.o(i.rtx_task_init) refers to task_monitor.o(.data) for tid_task_monitor
    main.o(i.rtx_task_init) refers to main.o(.data) for lib_info
    main.o(i.rtx_task_init) refers to rt_task.o(i.rt_tsk_delete) for rt_tsk_delete
    task_can.o(i.API_CanRec) refers to stm32f10x_gpio.o(i.GPIO_SetBits) for GPIO_SetBits
    task_can.o(i.API_CanRec) refers to stm32f10x_gpio.o(i.GPIO_ResetBits) for GPIO_ResetBits
    task_can.o(i.API_CanRec) refers to ops_soft_time.o(i.soft_time_create) for soft_time_create
    task_can.o(i.API_CanRec) refers to ops_soft_time.o(i.soft_time_start) for soft_time_start
    task_can.o(i.API_CanRec) refers to ops_soft_time.o(i.soft_time_stop) for soft_time_stop
    task_can.o(i.API_CanRec) refers to memcmp.o(.text) for memcmp
    task_can.o(i.API_CanRec) refers to task_can.o(.bss) for can_rx_msg
    task_can.o(i.API_CanRec) refers to dev_beep.o(.data) for beep_data
    task_can.o(i.API_CanRec) refers to task_can.o(.data) for beep_en_start
    task_can.o(i.API_CanRec) refers to dev_beep.o(i.beep_start_handle) for beep_start_handle
    task_can.o(i.API_CanTraRec) refers to task_can.o(i.can_send_data) for can_send_data
    task_can.o(i.API_CanTraRec) refers to ffixui.o(.text) for __aeabi_f2uiz
    task_can.o(i.API_CanTraRec) refers to fmul.o(.text) for __aeabi_fmul
    task_can.o(i.API_CanTraRec) refers to task_can.o(i.API_CanRec) for API_CanRec
    task_can.o(i.API_CanTraRec) refers to task_monitor.o(.bss) for DebugSwInfo
    task_can.o(i.API_CanTraRec) refers to task_can.o(.data) for Tradata
    task_can.o(i.API_excitation) refers to stm32f10x_gpio.o(i.GPIO_ResetBits) for GPIO_ResetBits
    task_can.o(i.API_excitation) refers to ops_io_input.o(i.conf_switch_mode) for conf_switch_mode
    task_can.o(i.API_excitation) refers to ffltui.o(.text) for __aeabi_ui2f
    task_can.o(i.API_excitation) refers to ops_pwm_output.o(i.open_pwm_outup) for open_pwm_outup
    task_can.o(i.API_excitation) refers to ops_pwm_output.o(i.close_pwm_output) for close_pwm_output
    task_can.o(i.API_excitation) refers to dev_gpio.o(i.gpio_set_mode) for gpio_set_mode
    task_can.o(i.API_excitation) refers to task_can.o(.data) for excitation
    task_can.o(i.API_excitation) refers to task_monitor.o(.bss) for DebugSwInfo
    task_can.o(i.can_msg_handler) refers to memcpya.o(.text) for __aeabi_memcpy
    task_can.o(i.can_msg_handler) refers to task_can.o(.bss) for can_rx_msg
    task_can.o(i.can_send_data) refers to memseta.o(.text) for __aeabi_memclr4
    task_can.o(i.can_send_data) refers to memcpya.o(.text) for __aeabi_memcpy
    task_can.o(i.can_send_data) refers to ops_soft_time.o(i.get_hw_time_tick) for get_hw_time_tick
    task_can.o(i.can_send_data) refers to ops_can.o(i.can_write) for can_write
    task_can.o(i.can_send_data) refers to ops_can.o(i.can_control) for can_control
[...]
    DMA2_Channel1_IRQHandler                 0x080032b3   Thumb Code     0  startup_stm32f10x_hd.o(.text)
    DMA2_Channel2_IRQHandler                 0x080032b3   Thumb Code     0  startup_stm32f10x_hd.o(.text)
    DMA2_Channel3_IRQHandler                 0x080032b3   Thumb Code     0  startup_stm32f10x_hd.o(.text)
    DMA2_Channel4_5_IRQHandler               0x080032b3   Thumb Code     0  startup_stm32f10x_hd.o(.text)
    EXTI15_10_IRQHandler                     0x080032b3   Thumb Code     0  startup_stm32f10x_hd.o(.text)
    EXTI1_IRQHandler                         0x080032b3   Thumb Code     0  startup_stm32f10x_hd.o(.text)
    EXTI2_IRQHandler                         0x080032b3   Thumb Code     0  startup_stm32f10x_hd.o(.text)
    EXTI3_IRQHandler                         0x080032b3   Thumb Code     0  startup_stm32f10x_hd.o(.text)
    EXTI4_IRQHandler                         0x080032b3   Thumb Code     0  startup_stm32f10x_hd.o(.text)
    FLASH_IRQHandler                         0x080032b3   Thumb Code     0  startup_stm32f10x_hd.o(.text)
    FSMC_IRQHandler                          0x080032b3   Thumb Code     0  startup_stm32f10x_hd.o(.text)
    I2C1_ER_IRQHandler                       0x080032b3   Thumb Code     0  startup_stm32f10x_hd.o(.text)
    I2C1_EV_IRQHandler                       0x080032b3   Thumb Code     0  startup_stm32f10x_hd.o(.text)
    I2C2_ER_IRQHandler                       0x080032b3   Thumb Code     0  startup_stm32f10x_hd.o(.text)
    I2C2_EV_IRQHandler                       0x080032b3   Thumb Code     0  startup_stm32f10x_hd.o(.text)
    RCC_IRQHandler                           0x080032b3   Thumb Code     0  startup_stm32f10x_hd.o(.text)
    SDIO_IRQHandler                          0x080032b3   Thumb Code     0  startup_stm32f10x_hd.o(.text)
    SPI1_IRQHandler                          0x080032b3   Thumb Code     0  startup_stm32f10x_hd.o(.text)
    SPI2_IRQHandler                          0x080032b3   Thumb Code     0  startup_stm32f10x_hd.o(.text)
    SPI3_IRQHandler                          0x080032b3   Thumb Code     0  startup_stm32f10x_hd.o(.text)
    TAMPER_IRQHandler                        0x080032b3   Thumb Code     0  startup_stm32f10x_hd.o(.text)
    TIM1_BRK_IRQHandler                      0x080032b3   Thumb Code     0  startup_stm32f10x_hd.o(.text)
    TIM1_CC_IRQHandler                       0x080032b3   Thumb Code     0  startup_stm32f10x_hd.o(.text)
    TIM1_TRG_COM_IRQHandler                  0x080032b3   Thumb Code     0  startup_stm32f10x_hd.o(.text)
    TIM1_UP_IRQHandler                       0x080032b3   Thumb Code     0  startup_stm32f10x_hd.o(.text)
    TIM4_IRQHandler                          0x080032b3   Thumb Code     0  startup_stm32f10x_hd.o(.text)
    TIM5_IRQHandler                          0x080032b3   Thumb Code     0  startup_stm32f10x_hd.o(.text)
    TIM7_IRQHandler                          0x080032b3   Thumb Code     0  startup_stm32f10x_hd.o(.text)
    TIM8_BRK_IRQHandler                      0x080032b3   Thumb Code     0  startup_stm32f10x_hd.o(.text)
    TIM8_TRG_COM_IRQHandler                  0x080032b3   Thumb Code     0  startup_stm32f10x_hd.o(.text)
    TIM8_UP_IRQHandler                       0x080032b3   Thumb Code     0  startup_stm32f10x_hd.o(.text)
    UART4_IRQHandler                         0x080032b3   Thumb Code     0  startup_stm32f10x_hd.o(.text)
    UART5_IRQHandler                         0x080032b3   Thumb Code     0  startup_stm32f10x_hd.o(.text)
    USART2_IRQHandler                        0x080032b3   Thumb Code     0  startup_stm32f10x_hd.o(.text)
    USART3_IRQHandler                        0x080032b3   Thumb Code     0  startup_stm32f10x_hd.o(.text)
    USBWakeUp_IRQHandler                     0x080032b3   Thumb Code     0  startup_stm32f10x_hd.o(.text)
    USB_HP_CAN1_TX_IRQHandler                0x080032b3   Thumb Code     0  startup_stm32f10x_hd.o(.text)
    __aeabi_memcpy                           0x080032bd   Thumb Code    36  memcpya.o(.text)
    __aeabi_memcpy4                          0x080032bd   Thumb Code     0  memcpya.o(.text)
    __aeabi_memcpy8                          0x080032bd   Thumb Code     0  memcpya.o(.text)
    __aeabi_memset                           0x080032e1   Thumb Code    14  memseta.o(.text)
    __aeabi_memset4                          0x080032e1   Thumb Code     0  memseta.o(.text)
    __aeabi_memset8                          0x080032e1   Thumb Code     0  memseta.o(.text)
    __aeabi_memclr                           0x080032ef   Thumb Code     4  memseta.o(.text)
    __aeabi_memclr4                          0x080032ef   Thumb Code     0  memseta.o(.text)
    __aeabi_memclr8                          0x080032ef   Thumb Code     0  memseta.o(.text)
    _memset$wrapper                          0x080032f3   Thumb Code    18  memseta.o(.text)
    strstr                                   0x08003305   Thumb Code    36  strstr.o(.text)
    strlen                                   0x08003329   Thumb Code    14  strlen.o(.text)
    memcmp                                   0x08003337   Thumb Code    26  memcmp.o(.text)
    __0sscanf                                0x08003351   Thumb Code    48  __0sscanf.o(.text)
    _scanf_int                               0x08003389   Thumb Code   332  _scanf_int.o(.text)
    _scanf_real                              0x080035d5   Thumb Code     0  scanf_fp.o(.text)
    _scanf_really_real                       0x080035d5   Thumb Code   556  scanf_fp.o(.text)
    __aeabi_fadd                             0x0800380d   Thumb Code   164  fadd.o(.text)
    __aeabi_fsub                             0x080038b1   Thumb Code     6  fadd.o(.text)
    __aeabi_frsub                            0x080038b7   Thumb Code     6  fadd.o(.text)
    __aeabi_fmul                             0x080038bd   Thumb Code   100  fmul.o(.text)
    __aeabi_fdiv                             0x08003921   Thumb Code   124  fdiv.o(.text)
    __aeabi_dadd                             0x0800399d   Thumb Code   322  dadd.o(.text)
    __aeabi_dsub                             0x08003adf   Thumb Code     6  dadd.o(.text)
    __aeabi_drsub                            0x08003ae5   Thumb Code     6  dadd.o(.text)
    __aeabi_dmul                             0x08003aeb   Thumb Code   228  dmul.o(.text)
    __aeabi_ddiv                             0x08003bcf   Thumb Code   222  ddiv.o(.text)
    __aeabi_ui2f                             0x08003cad   Thumb Code    10  ffltui.o(.text)
    __aeabi_f2uiz                            0x08003cb7   Thumb Code    40  ffixui.o(.text)
    __aeabi_f2d                              0x08003cdf   Thumb Code    38  f2d.o(.text)
    __aeabi_cdcmpeq                          0x08003d05   Thumb Code     0  cdcmple.o(.text)
    __aeabi_cdcmple                          0x08003d05   Thumb Code    48  cdcmple.o(.text)
    __aeabi_cdrcmple                         0x08003d35   Thumb Code    48  cdrcmple.o(.text)
    __aeabi_d2f                              0x08003d65   Thumb Code    56  d2f.o(.text)
    __aeabi_cfcmpeq                          0x08003d9d   Thumb Code     0  cfcmple.o(.text)
    __aeabi_cfcmple                          0x08003d9d   Thumb Code    20  cfcmple.o(.text)
    __aeabi_cfrcmple                         0x08003db1   Thumb Code    20  cfrcmple.o(.text)
    __aeabi_uidiv                            0x08003dc5   Thumb Code     0  uidiv.o(.text)
    __aeabi_uidivmod                         0x08003dc5   Thumb Code    44  uidiv.o(.text)
    __aeabi_uldivmod                         0x08003df1   Thumb Code    98  uldiv.o(.text)
    __aeabi_llsl                             0x08003e53   Thumb Code    30  llshl.o(.text)
    _ll_shift_l                              0x08003e53   Thumb Code     0  llshl.o(.text)
    __aeabi_llsr                             0x08003e71   Thumb Code    32  llushr.o(.text)
    _ll_ushift_r                             0x08003e71   Thumb Code     0  llushr.o(.text)
    __aeabi_lasr                             0x08003e91   Thumb Code    36  llsshr.o(.text)
    _ll_sshift_r                             0x08003e91   Thumb Code     0  llsshr.o(.text)
    _chval                                   0x08003eb5   Thumb Code    28  _chval.o(.text)
    __vfscanf_char                           0x08003edd   Thumb Code    20  scanf_char.o(.text)
    _sgetc                                   0x08003ef9   Thumb Code    30  _sgetc.o(.text)
    _sbackspace                              0x08003f17   Thumb Code    34  _sgetc.o(.text)
    __I$use$fp                               0x08003f39   Thumb Code     0  iusefp.o(.text)
    _float_round                             0x08003f39   Thumb Code    18  fepilogue.o(.text)
    _float_epilogue                          0x08003f4b   Thumb Code    92  fepilogue.o(.text)
    _double_round                            0x08003fa7   Thumb Code    30  depilogue.o(.text)
    _double_epilogue                         0x08003fc5   Thumb Code   156  depilogue.o(.text)
    __aeabi_ul2d                             0x08004061   Thumb Code    24  dfltul.o(.text)
    __aeabi_d2ulz                            0x08004079   Thumb Code    48  dfixul.o(.text)
    __scatterload                            0x080040a9   Thumb Code    28  init.o(.text)
    __scatterload_rt2                        0x080040a9   Thumb Code     0  init.o(.text)
    isspace                                  0x080040cd   Thumb Code    10  isspace_c.o(.text)
    __vfscanf                                0x080040d9   Thumb Code   808  _scanf.o(.text)
    __ctype_lookup                           0x08004405   Thumb Code    34  ctype_c.o(.text)
    __decompress                             0x0800442d   Thumb Code     0  __dczerorl2.o(.text)
    __decompress1                            0x0800442d   Thumb Code    86  __dczerorl2.o(.text)
    SVC_Count                                0x08004484   Data           4  svc_table.o(SVC_TABLE)
    ADC_Cmd                                  0x08004489   Thumb Code    76  stm32f10x_adc.o(i.ADC_Cmd)
    SVC_Table                                0x08004488   Data           0  svc_table.o(SVC_TABLE)
    ADC_DMACmd                               0x08004519   Thumb Code    70  stm32f10x_adc.o(i.ADC_DMACmd)
    ADC_GetCalibrationStatus                 0x080045a1   Thumb Code    54  stm32f10x_adc.o(i.ADC_GetCalibrationStatus)
    ADC_GetResetCalibrationStatus            0x0800461d   Thumb Code    54  stm32f10x_adc.o(i.ADC_GetResetCalibrationStatus)
    ADC_Init                                 0x08004699   Thumb Code   388  stm32f10x_adc.o(i.ADC_Init)
    ADC_RegularChannelConfig                 0x08004869   Thumb Code   404  stm32f10x_adc.o(i.ADC_RegularChannelConfig)
    ADC_ResetCalibration                     0x08004a41   Thumb Code    44  stm32f10x_adc.o(i.ADC_ResetCalibration)
    ADC_SoftwareStartConvCmd                 0x08004ab1   Thumb Code    76  stm32f10x_adc.o(i.ADC_SoftwareStartConvCmd)
    ADC_StartCalibration                     0x08004b41   Thumb Code    44  stm32f10x_adc.o(i.ADC_StartCalibration)
    ADC_TempSensorVrefintCmd                 0x08004bb1   Thumb Code    52  stm32f10x_adc.o(i.ADC_TempSensorVrefintCmd)
    API_CanRec                               0x08004c21   Thumb Code   322  task_can.o(i.API_CanRec)
    API_CanTraRec                            0x08004d95   Thumb Code   524  task_can.o(i.API_CanTraRec)
    API_excitation                           0x08004fbd   Thumb Code   276  task_can.o(i.API_excitation)
    BusFault_Handler                         0x080050e5   Thumb Code     4  stm32f10x_it.o(i.BusFault_Handler)
    CAN_DeInit                               0x080050e9   Thumb Code    72  stm32f10x_can.o(i.CAN_DeInit)
    CAN_FilterInit                           0x08005171   Thumb Code   366  stm32f10x_can.o(i.CAN_FilterInit)
    CAN_ITConfig                             0x0800531d   Thumb Code   150  stm32f10x_can.o(i.CAN_ITConfig)
    CAN_Init                                 0x080053f5   Thumb Code   546  stm32f10x_can.o(i.CAN_Init)
    CAN_Receive                              0x08005659   Thumb Code   288  stm32f10x_can.o(i.CAN_Receive)
    CAN_Transmit                             0x080057b9   Thumb Code   430  stm32f10x_can.o(i.CAN_Transmit)
    DAC_Cmd                                  0x080059a9   Thumb Code    72  stm32f10x_dac.o(i.DAC_Cmd)
    DAC_GetDataOutputValue                   0x08005a2d   Thumb Code    50  stm32f10x_dac.o(i.DAC_GetDataOutputValue)
    DAC_Init                                 0x08005a9d   Thumb Code   360  stm32f10x_dac.o(i.DAC_Init)
    DAC_SetChannel1Data                      0x08005c41   Thumb Code    72  stm32f10x_dac.o(i.DAC_SetChannel1Data)
    DAC_SetChannel2Data                      0x08005cc5   Thumb Code    72  stm32f10x_dac.o(i.DAC_SetChannel2Data)
    DMA1_Channel1_IRQHandler                 0x08005d49   Thumb Code   186  dev_adc.o(i.DMA1_Channel1_IRQHandler)
    DMA1_Channel2_IRQHandler                 0x08005e15   Thumb Code     2  stm32f10x_it.o(i.DMA1_Channel2_IRQHandler)
    DMA1_Channel3_IRQHandler                 0x08005e17   Thumb Code     2  stm32f10x_it.o(i.DMA1_Channel3_IRQHandler)
    DMA1_Channel4_IRQHandler                 0x08005e19   Thumb Code     2  stm32f10x_it.o(i.DMA1_Channel4_IRQHandler)
    DMA1_Channel5_IRQHandler                 0x08005e1b   Thumb Code     2  stm32f10x_it.o(i.DMA1_Channel5_IRQHandler)
    DMA_ClearITPendingBit                    0x08005e1d   Thumb Code    48  stm32f10x_dma.o(i.DMA_ClearITPendingBit)
    DMA_Cmd                                  0x08005e91   Thumb Code   152  stm32f10x_dma.o(i.DMA_Cmd)
    DMA_DeInit                               0x08005f69   Thumb Code   430  stm32f10x_dma.o(i.DMA_DeInit)
    DMA_GetITStatus                          0x08006159   Thumb Code   340  stm32f10x_dma.o(i.DMA_GetITStatus)
    DMA_ITConfig                             0x08006315   Thumb Code   168  stm32f10x_dma.o(i.DMA_ITConfig)
    DMA_Init                                 0x080063fd   Thumb Code   388  stm32f10x_dma.o(i.DMA_Init)
    DebugMon_Handler                         0x080065c1   Thumb Code     2  stm32f10x_it.o(i.DebugMon_Handler)
    EXTI0_IRQHandler                         0x080065c3   Thumb Code     2  stm32f10x_it.o(i.EXTI0_IRQHandler)
    EXTI9_5_IRQHandler                       0x080065c5   Thumb Code   200  ops_freq_input.o(i.EXTI9_5_IRQHandler)
    EXTI_ClearITPendingBit                   0x08006695   Thumb Code    28  stm32f10x_exti.o(i.EXTI_ClearITPendingBit)
    EXTI_Init                                0x080066ed   Thumb Code   236  stm32f10x_exti.o(i.EXTI_Init)
    FLASH_ClearFlag                          0x08006815   Thumb Code    30  stm32f10x_flash.o(i.FLASH_ClearFlag)
    FLASH_ErasePage                          0x08006871   Thumb Code    96  stm32f10x_flash.o(i.FLASH_ErasePage)
    FLASH_GetBank1Status                     0x08006911   Thumb Code    48  stm32f10x_flash.o(i.FLASH_GetBank1Status)
    FLASH_Lock                               0x08006945   Thumb Code    14  stm32f10x_flash.o(i.FLASH_Lock)
    FLASH_ProgramWord                        0x08006959   Thumb Code   128  stm32f10x_flash.o(i.FLASH_ProgramWord)
    FLASH_Unlock                             0x08006a19   Thumb Code    12  stm32f10x_flash.o(i.FLASH_Unlock)
    FLASH_WaitForLastOperation               0x08006a31   Thumb Code    38  stm32f10x_flash.o(i.FLASH_WaitForLastOperation)
    GPIO_EXTILineConfig                      0x08006a59   Thumb Code   176  stm32f10x_gpio.o(i.GPIO_EXTILineConfig)
    GPIO_Init                                0x08006b45   Thumb Code   378  stm32f10x_gpio.o(i.GPIO_Init)
    GPIO_PinRemapConfig                      0x08006d15   Thumb Code   454  stm32f10x_gpio.o(i.GPIO_PinRemapConfig)
    GPIO_ReadInputDataBit                    0x08006f65   Thumb Code   170  stm32f10x_gpio.o(i.GPIO_ReadInputDataBit)
    GPIO_ReadOutputDataBit                   0x08007065   Thumb Code   170  stm32f10x_gpio.o(i.GPIO_ReadOutputDataBit)
    GPIO_ResetBits                           0x08007165   Thumb Code    82  stm32f10x_gpio.o(i.GPIO_ResetBits)
    GPIO_SetBits                             0x0800720d   Thumb Code    82  stm32f10x_gpio.o(i.GPIO_SetBits)
    GetKeyIn                                 0x080072b5   Thumb Code    24  task_keypad.o(i.GetKeyIn)
    GetScanKeyRaw                            0x080072d5   Thumb Code   250  task_keypad.o(i.GetScanKeyRaw)
    HardFault_Handler                        0x08007401   Thumb Code    44  board.o(i.HardFault_Handler)
    IWDG_Enable                              0x08007455   Thumb Code    10  stm32f10x_iwdg.o(i.IWDG_Enable)
    IWDG_ReloadCounter                       0x08007465   Thumb Code    10  stm32f10x_iwdg.o(i.IWDG_ReloadCounter)
    IWDG_SetPrescaler                        0x08007475   Thumb Code    46  stm32f10x_iwdg.o(i.IWDG_SetPrescaler)
    IWDG_SetReload                           0x080074e1   Thumb Code    26  stm32f10x_iwdg.o(i.IWDG_SetReload)
    IWDG_WriteAccessCmd                      0x08007539   Thumb Code    30  stm32f10x_iwdg.o(i.IWDG_WriteAccessCmd)
    Keypad_scan_Handler                      0x08007595   Thumb Code   196  task_keypad.o(i.Keypad_scan_Handler)
    MemManage_Handler                        0x08007669   Thumb Code     4  stm32f10x_it.o(i.MemManage_Handler)
    NMI_Handler                              0x0800766d   Thumb Code     2  stm32f10x_it.o(i.NMI_Handler)
    NVIC_Configuration                       0x0800766f   Thumb Code    16  board.o(i.NVIC_Configuration)
    NVIC_Init                                0x08007681   Thumb Code   158  misc.o(i.NVIC_Init)
    NVIC_PriorityGroupConfig                 0x0800775d   Thumb Code    54  misc.o(i.NVIC_PriorityGroupConfig)
    NVIC_SetVectorTable                      0x080077cd   Thumb Code    58  misc.o(i.NVIC_SetVectorTable)
    PVD_IRQHandler                           0x08007869   Thumb Code    58  board.o(i.PVD_IRQHandler)
    PWR_GetFlagStatus                        0x080078b5   Thumb Code    48  stm32f10x_pwr.o(i.PWR_GetFlagStatus)
    PWR_PVDCmd                               0x08007921   Thumb Code    26  stm32f10x_pwr.o(i.PWR_PVDCmd)
    PWR_PVDLevelConfig                       0x08007979   Thumb Code    60  stm32f10x_pwr.o(i.PWR_PVDLevelConfig)
    RCC_ADCCLKConfig                         0x080079f1   Thumb Code    52  stm32f10x_rcc.o(i.RCC_ADCCLKConfig)
    RCC_AHBPeriphClockCmd                    0x08007a61   Thumb Code    74  stm32f10x_rcc.o(i.RCC_AHBPeriphClockCmd)
    RCC_APB1PeriphClockCmd                   0x08007ae9   Thumb Code    70  stm32f10x_rcc.o(i.RCC_APB1PeriphClockCmd)
    RCC_APB1PeriphResetCmd                   0x08007b71   Thumb Code    70  stm32f10x_rcc.o(i.RCC_APB1PeriphResetCmd)
    RCC_APB2PeriphClockCmd                   0x08007bf9   Thumb Code    70  stm32f10x_rcc.o(i.RCC_APB2PeriphClockCmd)
    RCC_APB2PeriphResetCmd                   0x08007c81   Thumb Code    70  stm32f10x_rcc.o(i.RCC_APB2PeriphResetCmd)
    RCC_GetClocksFreq                        0x08007d09   Thumb Code   192  stm32f10x_rcc.o(i.RCC_GetClocksFreq)
    RTCAlarm_IRQHandler                      0x08007ddd   Thumb Code     2  stm32f10x_it.o(i.RTCAlarm_IRQHandler)
    RTC_IRQHandler                           0x08007ddf   Thumb Code     2  stm32f10x_it.o(i.RTC_IRQHandler)
    ResetA20                                 0x08007de1   Thumb Code    28  task_monitor.o(i.ResetA20)
    SPI_Cmd                                  0x08007e01   Thumb Code    78  stm32f10x_spi.o(i.SPI_Cmd)
    SPI_I2S_DeInit                           0x08007e95   Thumb Code   104  stm32f10x_spi.o(i.SPI_I2S_DeInit)
    SPI_I2S_GetFlagStatus                    0x08007f41   Thumb Code    98  stm32f10x_spi.o(i.SPI_I2S_GetFlagStatus)
    SPI_I2S_ReceiveData                      0x08007fe9   Thumb Code    38  stm32f10x_spi.o(i.SPI_I2S_ReceiveData)
    SPI_I2S_SendData                         0x08008055   Thumb Code    40  stm32f10x_spi.o(i.SPI_I2S_SendData)
    SPI_Init                                 0x080080c1   Thumb Code   328  stm32f10x_spi.o(i.SPI_Init)
    SystemInit                               0x080083c1   Thumb Code    86  system_stm32f10x.o(i.SystemInit)
    TIM2_IRQHandler                          0x08008669   Thumb Code     2  stm32f10x_it.o(i.TIM2_IRQHandler)
    TIM3_IRQHandler                          0x0800866d   Thumb Code    96  dev_beep.o(i.TIM3_IRQHandler)
    TIM6_IRQHandler                          0x080086d9   Thumb Code    80  ops_soft_time.o(i.TIM6_IRQHandler)
    TIM8_CC_IRQHandler                       0x08008735   Thumb Code   192  ops_freq_input.o(i.TIM8_CC_IRQHandler)
    TIM_ARRPreloadConfig                     0x080087fd   Thumb Code   162  stm32f10x_tim.o(i.TIM_ARRPreloadConfig)
    TIM_ClearFlag                            0x08008919   Thumb Code   146  stm32f10x_tim.o(i.TIM_ClearFlag)
    TIM_Cmd                                  0x08008a25   Thumb Code   162  stm32f10x_tim.o(i.TIM_Cmd)
    TIM_DeInit                               0x08008b41   Thumb Code   536  stm32f10x_tim.o(i.TIM_DeInit)
    TIM_ICInit                               0x08008dd1   Thumb Code   580  stm32f10x_tim.o(i.TIM_ICInit)
    TIM_ITConfig                             0x08009085   Thumb Code   178  stm32f10x_tim.o(i.TIM_ITConfig)
    TIM_OC1Init                              0x080091b1   Thumb Code   436  stm32f10x_tim.o(i.TIM_OC1Init)
    TIM_OC1PreloadConfig                     0x080093d5   Thumb Code   142  stm32f10x_tim.o(i.TIM_OC1PreloadConfig)
    TIM_OC2Init                              0x080094d5   Thumb Code   422  stm32f10x_tim.o(i.TIM_OC2Init)
    TIM_OC2PreloadConfig                     0x080096d5   Thumb Code   114  stm32f10x_tim.o(i.TIM_OC2PreloadConfig)
    TIM_OC3Init                              0x080097a1   Thumb Code   400  stm32f10x_tim.o(i.TIM_OC3Init)
    TIM_OC3PreloadConfig                     0x0800997d   Thumb Code    88  stm32f10x_tim.o(i.TIM_OC3PreloadConfig)
    TIM_OC4Init                              0x08009a21   Thumb Code   292  stm32f10x_tim.o(i.TIM_OC4Init)
    TIM_OC4PreloadConfig                     0x08009b91   Thumb Code    96  stm32f10x_tim.o(i.TIM_OC4PreloadConfig)
    TIM_SetIC1Prescaler                      0x08009c3d   Thumb Code   152  stm32f10x_tim.o(i.TIM_SetIC1Prescaler)
    TIM_SetIC2Prescaler                      0x08009d45   Thumb Code   124  stm32f10x_tim.o(i.TIM_SetIC2Prescaler)
    TIM_SetIC3Prescaler                      0x08009e19   Thumb Code    98  stm32f10x_tim.o(i.TIM_SetIC3Prescaler)
    TIM_SetIC4Prescaler                      0x08009ec9   Thumb Code   106  stm32f10x_tim.o(i.TIM_SetIC4Prescaler)
    TIM_TimeBaseInit                         0x08009f81   Thumb Code   308  stm32f10x_tim.o(i.TIM_TimeBaseInit)
    USART1_IRQHandler                        0x0800a12d   Thumb Code   156  dev_uart.o(i.USART1_IRQHandler)
    USART_ClearITPendingBit                  0x0800a1e9   Thumb Code   152  stm32f10x_usart.o(i.USART_ClearITPendingBit)
    USART_Cmd                                0x0800a2cd   Thumb Code    90  stm32f10x_usart.o(i.USART_Cmd)
    USART_DeInit                             0x0800a375   Thumb Code   174  stm32f10x_usart.o(i.USART_DeInit)
    USART_GetFlagStatus                      0x0800a471   Thumb Code   158  stm32f10x_usart.o(i.USART_GetFlagStatus)
    USART_GetITStatus                        0x0800a55d   Thumb Code   252  stm32f10x_usart.o(i.USART_GetITStatus)
    USART_ITConfig                           0x0800a6a5   Thumb Code   248  stm32f10x_usart.o(i.USART_ITConfig)
    USART_Init                               0x0800a7e9   Thumb Code   450  stm32f10x_usart.o(i.USART_Init)
    USART_ReceiveData                        0x0800a9fd   Thumb Code    54  stm32f10x_usart.o(i.USART_ReceiveData)
    USART_SendData                           0x0800aa81   Thumb Code    74  stm32f10x_usart.o(i.USART_SendData)
    USB_LP_CAN1_RX0_IRQHandler               0x0800ab19   Thumb Code    76  ops_can.o(i.USB_LP_CAN1_RX0_IRQHandler)
    UsageFault_Handler                       0x0800ab6d   Thumb Code     4  stm32f10x_it.o(i.UsageFault_Handler)
    WWDG_IRQHandler                          0x0800ab71   Thumb Code     2  stm32f10x_it.o(i.WWDG_IRQHandler)
    __0printf                                0x0800ab75   Thumb Code    22  printfa.o(i.__0printf)
    __1printf                                0x0800ab75   Thumb Code     0  printfa.o(i.__0printf)
    __2printf                                0x0800ab75   Thumb Code     0  printfa.o(i.__0printf)
    __c89printf                              0x0800ab75   Thumb Code     0  printfa.o(i.__0printf)
    printf                                   0x0800ab75   Thumb Code     0  printfa.o(i.__0printf)
    __0sprintf                               0x0800ab95   Thumb Code    34  printfa.o(i.__0sprintf)
    __1sprintf                               0x0800ab95   Thumb Code     0  printfa.o(i.__0sprintf)
    __2sprintf                               0x0800ab95   Thumb Code     0  printfa.o(i.__0sprintf)
    __c89sprintf                             0x0800ab95   Thumb Code     0  printfa.o(i.__0sprintf)
    sprintf                                  0x0800ab95   Thumb Code     0  printfa.o(i.__0sprintf)
    __scatterload_copy                       0x0800abbd   Thumb Code    14  handlers.o(i.__scatterload_copy)
    __scatterload_null                       0x0800abcb   Thumb Code     2  handlers.o(i.__scatterload_null)
    __scatterload_zeroinit                   0x0800abcd   Thumb Code    14  handlers.o(i.__scatterload_zeroinit)
    _init_box                                0x0800ad7d   Thumb Code    88  rt_membox.o(i._init_box)
    _is_digit                                0x0800add5   Thumb Code    14  scanf_fp.o(i._is_digit)
    adc_read_value                           0x0800b6b5   Thumb Code   374  dev_adc.o(i.adc_read_value)
    adc_value_verify                         0x0800b839   Thumb Code   110  dev_adc.o(i.adc_value_verify)
    ascii_to_hex                             0x0800b8a7   Thumb Code    86  data_tools.o(i.ascii_to_hex)
    assert_failed                            0x0800b8fd   Thumb Code    18  board.o(i.assert_failed)
    beep_start_handle                        0x0800b941   Thumb Code    22  dev_beep.o(i.beep_start_handle)
    can_close                                0x0800b9a1   Thumb Code    60  ops_can.o(i.can_close)
    can_control                              0x0800b9e9   Thumb Code    38  ops_can.o(i.can_control)
    can_msg_handler                          0x0800ba15   Thumb Code   626  task_can.o(i.can_msg_handler)
    can_open                                 0x0800bca1   Thumb Code   198  ops_can.o(i.can_open)
    can_read                                 0x0800bd75   Thumb Code   114  ops_can.o(i.can_read)
    can_send_data                            0x0800bded   Thumb Code   132  task_can.o(i.can_send_data)
    can_status                               0x0800bfcd   Thumb Code   126  ops_can.o(i.can_status)
    can_write                                0x0800c075   Thumb Code    50  ops_can.o(i.can_write)
    close_freq_collect                       0x0800c0b1   Thumb Code   178  ops_freq_input.o(i.close_freq_collect)
    close_pwm_output                         0x0800c16d   Thumb Code   152  ops_pwm_output.o(i.close_pwm_output)
    conf_switch_compare_volt                 0x0800c213   Thumb Code    80  ops_io_input.o(i.conf_switch_compare_volt)
    conf_switch_mode                         0x0800c265   Thumb Code   360  ops_io_input.o(i.conf_switch_mode)
    count_branch_res                         0x0800c3d1   Thumb Code    38  ops_resistan.o(i.count_branch_res)
    count_general_res                        0x0800c3f7   Thumb Code    62  ops_resistan.o(i.count_general_res)
    dac1_hw_init                             0x0800c435   Thumb Code    68  dev_dac.o(i.dac1_hw_init)
    dac2_hw_init                             0x0800c47d   Thumb Code    68  dev_dac.o(i.dac2_hw_init)
    dac_get_value                            0x0800c4c5   Thumb Code    12  dev_dac.o(i.dac_get_value)
    dac_set_output                           0x0800c4d1   Thumb Code   120  dev_dac.o(i.dac_set_output)
    delay_ms                                 0x0800c551   Thumb Code    24  ops_soft_time.o(i.delay_ms)
    delay_us                                 0x0800c569   Thumb Code    26  ops_soft_time.o(i.delay_us)
    dev_free                                 0x0800c585   Thumb Code   116  dev_memory.o(i.dev_free)
    dev_malloc                               0x0800c601   Thumb Code   172  dev_memory.o(i.dev_malloc)
    dev_nvic_init                            0x0800c6dd   Thumb Code    38  board.o(i.dev_nvic_init)
    flash_area_erase                         0x0800c705   Thumb Code   110  system_iap.o(i.flash_area_erase)
    flash_area_write                         0x0800c7a1   Thumb Code   114  system_iap.o(i.flash_area_write)
    flash_update_mark                        0x0800c855   Thumb Code    62  system_iap.o(i.flash_update_mark)
    fm25_read                                0x0800c89d   Thumb Code   110  dev_fm25clxx.o(i.fm25_read)
    fm25_spi_init                            0x0800c945   Thumb Code   104  dev_fm25clxx.o(i.fm25_spi_init)
    fm_erasure                               0x0800c9e5   Thumb Code   108  dev_fm25clxx.o(i.fm_erasure)
    fputc                                    0x0800ca71   Thumb Code    36  dev_uart.o(i.fputc)
    freq_count                               0x0800cb79   Thumb Code   200  ops_freq_input.o(i.freq_count)
    get_freq_measure_result                  0x0800ce55   Thumb Code   154  ops_freq_input.o(i.get_freq_measure_result)
    get_hw_time_tick                         0x0800cefd   Thumb Code     6  ops_soft_time.o(i.get_hw_time_tick)
    get_res_measure_result                   0x0800cf09   Thumb Code   534  ops_resistan.o(i.get_res_measure_result)
    get_soft_library_info                    0x0800d159   Thumb Code    64  product.o(i.get_soft_library_info)
    get_stm32_mcu_id                         0x0800d1c1   Thumb Code    50  board.o(i.get_stm32_mcu_id)
    get_switch_status                        0x0800d215   Thumb Code   928  ops_io_input.o(i.get_switch_status)
    get_volt_current_measure_result          0x0800d5c5   Thumb Code   410  ops_volt_current..o(i.get_volt_current_measure_result)
    gpio_exti_init                           0x0800d7a1   Thumb Code    36  dev_gpio.o(i.gpio_exti_init)
    gpio_set_mode                            0x0800d7c5   Thumb Code    32  dev_gpio.o(i.gpio_set_mode)
    hw_adc_init                              0x0800d7e5   Thumb Code    16  dev_adc.o(i.hw_adc_init)
    hw_board_init                            0x0800d7f5   Thumb Code    78  board.o(i.hw_board_init)
    hw_can_init                              0x0800d849   Thumb Code    58  ops_can.o(i.hw_can_init)
    hw_dac_init                              0x0800d889   Thumb Code    12  dev_dac.o(i.hw_dac_init)
    hw_gpio_init                             0x0800d895   Thumb Code   894  dev_gpio.o(i.hw_gpio_init)
    hw_pvd_init                              0x0800dc2d   Thumb Code    92  board.o(i.hw_pvd_init)
    hw_pwm_dac_out_init                      0x0800dc89   Thumb Code    50  ops_pwm_output.o(i.hw_pwm_dac_out_init)
    hw_pwm_out_init                          0x0800dcc5   Thumb Code    40  ops_pwm_output.o(i.hw_pwm_out_init)
    hw_time3_init                            0x0800dcf1   Thumb Code   108  dev_beep.o(i.hw_time3_init)
    hw_time6_init                            0x0800dd69   Thumb Code   110  ops_soft_time.o(i.hw_time6_init)
    hw_uart_init                             0x0800dde1   Thumb Code   186  dev_uart.o(i.hw_uart_init)
    isr_evt_set                              0x0800df45   Thumb Code    34  rt_event.o(i.isr_evt_set)
    iwdg_feed                                0x0800e2dd   Thumb Code     8  board.o(i.iwdg_feed)
    iwdg_init                                0x0800e2e5   Thumb Code    36  board.o(i.iwdg_init)
    led_handle                               0x0800e341   Thumb Code   100  task_monitor.o(i.led_handle)
    main                                     0x0800e3ad   Thumb Code    44  main.o(i.main)
    open_freq_collect                        0x0800e3e1   Thumb Code   382  ops_freq_input.o(i.open_freq_collect)
    open_pwm_dac_outup                       0x0800e56d   Thumb Code   430  ops_pwm_output.o(i.open_pwm_dac_outup)
    open_pwm_outup                           0x0800e771   Thumb Code   426  ops_pwm_output.o(i.open_pwm_outup)
    os_error                                 0x0800e977   Thumb Code     4  rtx_conf_cm.o(i.os_error)
    os_idle_demon                            0x0800e97b   Thumb Code     4  rtx_conf_cm.o(i.os_idle_demon)
    os_tick_init                             0x0800e981   Thumb Code    38  rt_system.o(i.os_tick_init)
    os_tick_irqack                           0x0800e9b1   Thumb Code     2  rt_system.o(i.os_tick_irqack)
    os_tmr_call                              0x0800e9b3   Thumb Code     2  rtx_conf_cm.o(i.os_tmr_call)
    pro_storage_read                         0x0800ede9   Thumb Code    22  ops_storage.o(i.pro_storage_read)
    pwm_dac_init                             0x0800ee01   Thumb Code    44  ops_pwm_output.o(i.pwm_dac_init)
    read_application_info                    0x0800ee39   Thumb Code   146  task_monitor.o(i.read_application_info)
    rt_alloc_box                             0x0800ef1d   Thumb Code    30  rt_membox.o(i.rt_alloc_box)
    rt_block                                 0x0800ef3d   Thumb Code    48  rt_task.o(i.rt_block)
    rt_chk_robin                             0x0800ef75   Thumb Code    76  rt_robin.o(i.rt_chk_robin)
    rt_dec_dly                               0x0800efcd   Thumb Code   134  rt_list.o(i.rt_dec_dly)
    rt_dispatch                              0x0800f061   Thumb Code    72  rt_task.o(i.rt_dispatch)
    rt_dly_wait                              0x0800f0b1   Thumb Code    14  rt_time.o(i.rt_dly_wait)
    rt_evt_get                               0x0800f0c1   Thumb Code     8  rt_event.o(i.rt_evt_get)
    rt_evt_psh                               0x0800f0cd   Thumb Code    84  rt_event.o(i.rt_evt_psh)
    rt_evt_wait                              0x0800f125   Thumb Code   110  rt_event.o(i.rt_evt_wait)
    rt_free_box                              0x0800f199   Thumb Code    36  rt_membox.o(i.rt_free_box)
    rt_get_first                             0x0800f1e5   Thumb Code    50  rt_list.o(i.rt_get_first)
    rt_init_robin                            0x0800f265   Thumb Code    14  rt_robin.o(i.rt_init_robin)
    rt_init_stack                            0x0800f27d   Thumb Code    76  hal_cm3.o(i.rt_init_stack)
    rt_mbx_psh                               0x0800f2d1   Thumb Code   222  rt_mailbox.o(i.rt_mbx_psh)
    rt_pop_req                               0x0800f3b5   Thumb Code   154  rt_system.o(i.rt_pop_req)
    rt_psh_req                               0x0800f45d   Thumb Code    24  rt_system.o(i.rt_psh_req)
    rt_psq_enq                               0x0800f481   Thumb Code   120  rt_list.o(i.rt_psq_enq)
    rt_put_dly                               0x0800f4fd   Thumb Code    88  rt_list.o(i.rt_put_dly)
    rt_put_prio                              0x0800f559   Thumb Code    64  rt_list.o(i.rt_put_prio)
    rt_put_rdy_first                         0x0800f599   Thumb Code    16  rt_list.o(i.rt_put_rdy_first)
    rt_rmv_dly                               0x0800f5ad   Thumb Code    40  rt_list.o(i.rt_rmv_dly)
    rt_rmv_list                              0x0800f5d5   Thumb Code    48  rt_list.o(i.rt_rmv_list)
    rt_sem_init                              0x0800f609   Thumb Code    16  rt_semaphore.o(i.rt_sem_init)
    rt_sem_psh                               0x0800f619   Thumb Code    50  rt_semaphore.o(i.rt_sem_psh)
    rt_sem_send                              0x0800f651   Thumb Code    58  rt_semaphore.o(i.rt_sem_send)
    rt_sem_wait                              0x0800f691   Thumb Code    76  rt_semaphore.o(i.rt_sem_wait)
    rt_stk_check                             0x0800f6e1   Thumb Code    40  rt_system.o(i.rt_stk_check)
    rt_switch_req                            0x0800f711   Thumb Code    10  rt_task.o(i.rt_switch_req)
    rt_sys_init                              0x0800f721   Thumb Code   314  rt_task.o(i.rt_sys_init)
    rt_systick                               0x0800f8a5   Thumb Code    56  rt_system.o(i.rt_systick)
    rt_tmr_tick                              0x0800f8e9   Thumb Code    66  rt_timer.o(i.rt_tmr_tick)
    rt_tsk_create                            0x0800f935   Thumb Code    92  rt_task.o(i.rt_tsk_create)
    rt_tsk_delete                            0x0800f99d   Thumb Code   358  rt_task.o(i.rt_tsk_delete)
    rtx_task_init                            0x0800fb1d   Thumb Code   124  main.o(i.rtx_task_init)
    set_switch_output                        0x0800fc59   Thumb Code   130  ops_io_output.o(i.set_switch_output)
    soft_time_create                         0x0800fd4d   Thumb Code   168  ops_soft_time.o(i.soft_time_create)
    soft_time_start                          0x0800fe29   Thumb Code    32  ops_soft_time.o(i.soft_time_start)
    soft_time_stop                           0x0800fe49   Thumb Code    28  ops_soft_time.o(i.soft_time_stop)
    storage_format                           0x0800ff75   Thumb Code    18  ops_storage.o(i.storage_format)
    storage_open                             0x0800ff87   Thumb Code     8  ops_storage.o(i.storage_open)
    storage_read                             0x0800ff8f   Thumb Code    28  ops_storage.o(i.storage_read)
    sum_16bit_verify                         0x0800ffab   Thumb Code    34  data_tools.o(i.sum_16bit_verify)
    switch_mode_default_init                 0x0800ffcd   Thumb Code   146  board.o(i.switch_mode_default_init)
    sys_get_reset_type                       0x0801006d   Thumb Code    96  board.o(i.sys_get_reset_type)
    task_can                                 0x08010155   Thumb Code   178  task_can.o(i.task_can)
    task_keypad                              0x08010261   Thumb Code    72  task_keypad.o(i.task_keypad)
    task_monitor                             0x080102cd   Thumb Code   246  task_monitor.o(i.task_monitor)
    task_soft_time                           0x080103e5   Thumb Code    32  ops_soft_time.o(i.task_soft_time)
    task_uart                                0x08010409   Thumb Code    86  task_uart.o(i.task_uart)
    uart_iap_handle                          0x08010965   Thumb Code   542  dev_uart.o(i.uart_iap_handle)
    uart_open                                0x08010c5d   Thumb Code   164  dev_uart.o(i.uart_open)
    uart_send_data_package                   0x08010d49   Thumb Code   102  dev_uart.o(i.uart_send_data_package)
    view_product_info                        0x08010db9   Thumb Code    72  product.o(i.view_product_info)
    app_s                                    0x08010e98   Data           4  task_monitor.o(.constdata)
    os_maxtaskrun                            0x08010ef4   Data           2  rtx_conf_cm.o(.constdata)
    os_stackinfo                             0x08010ef8   Data           4  rtx_conf_cm.o(.constdata)
    os_rrobin                                0x08010efc   Data           4  rtx_conf_cm.o(.constdata)
    os_trv                                   0x08010f00   Data           4  rtx_conf_cm.o(.constdata)
    os_flags                                 0x08010f04   Data           1  rtx_conf_cm.o(.constdata)
    os_clockrate                             0x08010f08   Data           4  rtx_conf_cm.o(.constdata)
    os_timernum                              0x08010f0c   Data           4  rtx_conf_cm.o(.constdata)
    mp_tcb_size                              0x08010f10   Data           2  rtx_conf_cm.o(.constdata)
    mp_stk_size                              0x08010f14   Data           4  rtx_conf_cm.o(.constdata)
    os_fifo_size                             0x08010f18   Data           1  rtx_conf_cm.o(.constdata)
    mp_tmr_size                              0x08010f1a   Data           2  rtx_conf_cm.o(.constdata)
    RL_RTX_Version                           0x08010f1c   Data           4  rt_system.o(.constdata)
    __ctype_categories                       0x08010f20   Data          64  ctype_c.o(.constdata)
    Region$$Table$$Base                      0x08011154   Number         0  anon$$obj.o(Region$$Table)
    Region$$Table$$Limit                     0x08011174   Number         0  anon$$obj.o(Region$$Table)
    lib_info                                 0x20000000   Data           4  main.o(.data)
    tid_task_can                             0x20000004   Data           4  task_can.o(.data)
    beep_en_start                            0x20000008   Data           4  task_can.o(.data)
    beep_en_on                               0x2000000c   Data           4  task_can.o(.data)
    excitation                               0x20000010   Data           6  task_can.o(.data)
    filter1item                              0x20000018   Data         140  task_can.o(.data)
    can_cfg                                  0x200000a4   Data          12  task_can.o(.data)
    tid_task_uart                            0x200000c0   Data           4  task_uart.o(.data)
    tid_task_monitor                         0x200000c4   Data           4  task_monitor.o(.data)
    DebugDuty                                0x200000c8   Data           5  task_monitor.o(.data)
    can_send_pro                             0x200000d4   Data           4  product.o(.data)
    tid_task_keypad                          0x20000110   Data           4  task_keypad.o(.data)
    adc1_info                                0x20000154   Data          84  dev_adc.o(.data)
    tid_task_soft_time                       0x2000032c   Data           4  ops_soft_time.o(.data)
    m_tmr                                    0x20000330   Data           4  rtx_conf_cm.o(.data)
    beep_data                                0x20000336   Data           6  dev_beep.o(.data)
    SystemCoreClock                          0x20000350   Data           4  system_stm32f10x.o(.data)
    AHBPrescTable                            0x20000354   Data          16  system_stm32f10x.o(.data)
    os_robin                                 0x20000364   Data           8  rt_robin.o(.data)
    os_tick_irqn                             0x2000036c   Data           4  rt_system.o(.data)
    os_tsk                                   0x20000374   Data           8  rt_task.o(.data)
    os_time                                  0x2000037c   Data           4  rt_time.o(.data)
    os_tmr                                   0x20000380   Data           8  rt_timer.o(.data)
    __stdout                                 0x20000388   Data           4  stdout.o(.data)
    task_can_heap                            0x2000038c   Data        2024  task_can.o(.bss)
    can                                      0x20000b74   Data          20  task_can.o(.bss)
    task_uart_heap                           0x20000c48   Data        1024  task_uart.o(.bss)
    task_monitor_heap                        0x20001048   Data        1024  task_monitor.o(.bss)
    adc_value                                0x20001848   Data          29  task_monitor.o(.bss)
    DebugSwConfiInfo                         0x20001865   Data          90  task_monitor.o(.bss)
    DebugSwInfo                              0x200018bf   Data         171  task_monitor.o(.bss)
    DebugFreq                                0x2000196a   Data          96  task_monitor.o(.bss)
    DebugVolInfo                             0x200019ca   Data          93  task_monitor.o(.bss)
    DebugResInfo                             0x20001a27   Data          46  task_monitor.o(.bss)
    task_keypad_heap                         0x20001c5c   Data        1024  task_keypad.o(.bss)
    key_data_buffer                          0x2000205c   Data          22  task_keypad.o(.bss)
    stm32_mcu_id                             0x20002074   Data          12  board.o(.bss)
    uart1_recv                               0x20002160   Data          12  dev_uart.o(.bss)
    uart2_recv                               0x2000216c   Data          12  dev_uart.o(.bss)
    uart4_recv                               0x20002178   Data          12  dev_uart.o(.bss)
    uart_iap                                 0x20002184   Data          40  dev_uart.o(.bss)
    task_soft_time_heap                      0x200021f0   Data        1024  ops_soft_time.o(.bss)
    mp_tcb                                   0x20002af0   Data         460  rtx_conf_cm.o(.bss)
    mp_stk                                   0x20002cc0   Data        4624  rtx_conf_cm.o(.bss)
    os_fifo                                  0x20003ed0   Data         132  rtx_conf_cm.o(.bss)
    os_active_TCB                            0x20003f54   Data          32  rtx_conf_cm.o(.bss)
    os_rdy                                   0x20004f74   Data          24  rt_list.o(.bss)
    os_dly                                   0x20004f8c   Data          24  rt_list.o(.bss)
    os_idle_TCB                              0x20004fa4   Data          56  rt_task.o(.bss)
    __initial_sp                             0x200053e0   Data           0  startup_stm32f10x_hd.o(STACK)



==============================================================================

Memory Map of the image

  Image Entry point : 0x08003131

  Load Region LR_IROM1 (Base: 0x08003000, Size: 0x0000e500, Max: 0x0003e800, ABSOLUTE, COMPRESSED[0x0000e24c])

    Execution Region ER_IROM1 (Base: 0x08003000, Size: 0x0000e174, Max: 0x0003e800, ABSOLUTE)

    Base Addr    Size         Type   Attr      Idx    E Section Name        Object

    0x08003000   0x00000130   Data   RO         4793    RESET               startup_stm32f10x_hd.o
    0x08003130   0x00000000   Code   RO         5379  * .ARM.Collect$$$$00000000  mc_w.l(entry.o)
    0x08003130   0x00000004   Code   RO         5702    .ARM.Collect$$$$00000001  mc_w.l(entry2.o)
    0x08003134   0x00000004   Code   RO         5705    .ARM.Collect$$$$00000004  mc_w.l(entry5.o)
    0x08003138   0x00000000   Code   RO         5707    .ARM.Collect$$$$00000008  mc_w.l(entry7b.o)
    0x08003138   0x00000000   Code   RO         5709    .ARM.Collect$$$$0000000A  mc_w.l(entry8b.o)
    0x08003138   0x00000008   Code   RO         5710    .ARM.Collect$$$$0000000B  mc_w.l(entry9a.o)
    0x08003140   0x00000000   Code   RO         5712    .ARM.Collect$$$$0000000D  mc_w.l(entry10a.o)
    0x08003140   0x00000000   Code   RO         5714    .ARM.Collect$$$$0000000F  mc_w.l(entry11a.o)
    0x08003140   0x00000004   Code   RO         5703    .ARM.Collect$$$$00002712  mc_w.l(entry2.o)
    0x08003144   0x00000154   Code   RO         4798    .emb_text           hal_cm3.o
    0x08003298   0x00000024   Code   RO         4794    .text               startup_stm32f10x_hd.o
    0x080032bc   0x00000024   Code   RO         5385    .text               mc_w.l(memcpya.o)
    0x080032e0   0x00000024   Code   RO         5387    .text               mc_w.l(memseta.o)
    0x08003304   0x00000024   Code   RO         5389    .text               mc_w.l(strstr.o)
    0x08003328   0x0000000e   Code   RO         5393    .text               mc_w.l(strlen.o)
    0x08003336   0x0000001a   Code   RO         5395    .text               mc_w.l(memcmp.o)
    0x08003350   0x00000038   Code   RO         5662    .text               mc_w.l(__0sscanf.o)
    0x08003388   0x0000014c   Code   RO         5664    .text               mc_w.l(_scanf_int.o)
    0x080034d4   0x00000338   Code   RO         5666    .text               mc_w.l(scanf_fp.o)
    0x0800380c   0x000000b0   Code   RO         5670    .text               mf_w.l(fadd.o)
    0x080038bc   0x00000064   Code   RO         5672    .text               mf_w.l(fmul.o)
    0x08003920   0x0000007c   Code   RO         5674    .text               mf_w.l(fdiv.o)
    0x0800399c   0x0000014e   Code   RO         5676    .text               mf_w.l(dadd.o)
    0x08003aea   0x000000e4   Code   RO         5678    .text               mf_w.l(dmul.o)
    0x08003bce   0x000000de   Code   RO         5680    .text               mf_w.l(ddiv.o)
    0x08003cac   0x0000000a   Code   RO         5682    .text               mf_w.l(ffltui.o)
    0x08003cb6   0x00000028   Code   RO         5686    .text               mf_w.l(ffixui.o)
    0x08003cde   0x00000026   Code   RO         5690    .text               mf_w.l(f2d.o)
    0x08003d04   0x00000030   Code   RO         5692    .text               mf_w.l(cdcmple.o)
    0x08003d34   0x00000030   Code   RO         5694    .text               mf_w.l(cdrcmple.o)
    0x08003d64   0x00000038   Code   RO         5696    .text               mf_w.l(d2f.o)
    0x08003d9c   0x00000014   Code   RO         5698    .text               mf_w.l(cfcmple.o)
    0x08003db0   0x00000014   Code   RO         5700    .text               mf_w.l(cfrcmple.o)
    0x08003dc4   0x0000002c   Code   RO         5717    .text               mc_w.l(uidiv.o)
    0x08003df0   0x00000062   Code   RO         5719    .text               mc_w.l(uldiv.o)
    0x08003e52   0x0000001e   Code   RO         5721    .text               mc_w.l(llshl.o)
    0x08003e70   0x00000020   Code   RO         5723    .text               mc_w.l(llushr.o)
    0x08003e90   0x00000024   Code   RO         5725    .text               mc_w.l(llsshr.o)
    0x08003eb4   0x0000001c   Code   RO         5727    .text               mc_w.l(_chval.o)
    0x08003ed0   0x00000028   Code   RO         5729    .text               mc_w.l(scanf_char.o)
    0x08003ef8   0x00000040   Code   RO         5731    .text               mc_w.l(_sgetc.o)
    0x08003f38   0x00000000   Code   RO         5733    .text               mc_w.l(iusefp.o)
    0x08003f38   0x0000006e   Code   RO         5734    .text               mf_w.l(fepilogue.o)
    0x08003fa6   0x000000ba   Code   RO         5736    .text               mf_w.l(depilogue.o)
    0x08004060   0x00000018   Code   RO         5738    .text               mf_w.l(dfltul.o)
    0x08004078   0x00000030   Code   RO         5740    .text               mf_w.l(dfixul.o)
    0x080040a8   0x00000024   Code   RO         5742    .text               mc_w.l(init.o)
    0x080040cc   0x0000000a   Code   RO         5744    .text               mc_w.l(isspace_c.o)
    0x080040d6   0x00000002   PAD
    0x080040d8   0x0000032c   Code   RO         5746    .text               mc_w.l(_scanf.o)
    0x08004404   0x00000028   Code   RO         5748    .text               mc_w.l(ctype_c.o)
    0x0800442c   0x00000056   Code   RO         5759    .text               mc_w.l(__dczerorl2.o)
    0x08004482   0x00000002   PAD
    0x08004484   0x00000004   Code   RO         5376    SVC_TABLE           svc_table.o
    0x08004488   0x00000090   Code   RO         1775    i.ADC_Cmd           stm32f10x_adc.o
    0x08004518   0x00000088   Code   RO         1776    i.ADC_DMACmd        stm32f10x_adc.o
    0x080045a0   0x0000007c   Code   RO         1783    i.ADC_GetCalibrationStatus  stm32f10x_adc.o
    0x0800461c   0x0000007c   Code   RO         1789    i.ADC_GetResetCalibrationStatus  stm32f10x_adc.o
    0x08004698   0x000001d0   Code   RO         1793    i.ADC_Init          stm32f10x_adc.o
    0x08004868   0x000001d8   Code   RO         1797    i.ADC_RegularChannelConfig  stm32f10x_adc.o
    0x08004a40   0x00000070   Code   RO         1798    i.ADC_ResetCalibration  stm32f10x_adc.o
    0x08004ab0   0x00000090   Code   RO         1800    i.ADC_SoftwareStartConvCmd  stm32f10x_adc.o
    0x08004b40   0x00000070   Code   RO         1802    i.ADC_StartCalibration  stm32f10x_adc.o
    0x08004bb0   0x00000070   Code   RO         1804    i.ADC_TempSensorVrefintCmd  stm32f10x_adc.o
    0x08004c20   0x00000174   Code   RO          184    i.API_CanRec        task_can.o
    0x08004d94   0x00000228   Code   RO          185    i.API_CanTraRec     task_can.o
    0x08004fbc   0x00000128   Code   RO          186    i.API_excitation    task_can.o
    0x080050e4   0x00000004   Code   RO         1370    i.BusFault_Handler  stm32f10x_it.o
    0x080050e8   0x00000088   Code   RO         2076    i.CAN_DeInit        stm32f10x_can.o
    0x08005170   0x000001ac   Code   RO         2078    i.CAN_FilterInit    stm32f10x_can.o
    0x0800531c   0x000000d8   Code   RO         2084    i.CAN_ITConfig      stm32f10x_can.o
    0x080053f4   0x00000264   Code   RO         2085    i.CAN_Init          stm32f10x_can.o
    0x08005658   0x00000160   Code   RO         2088    i.CAN_Receive       stm32f10x_can.o
    0x080057b8   0x000001f0   Code   RO         2093    i.CAN_Transmit      stm32f10x_can.o
    0x080059a8   0x00000084   Code   RO         2365    i.DAC_Cmd           stm32f10x_dac.o
    0x08005a2c   0x00000070   Code   RO         2369    i.DAC_GetDataOutputValue  stm32f10x_dac.o
    0x08005a9c   0x000001a4   Code   RO         2370    i.DAC_Init          stm32f10x_dac.o
    0x08005c40   0x00000084   Code   RO         2371    i.DAC_SetChannel1Data  stm32f10x_dac.o
    0x08005cc4   0x00000084   Code   RO         2372    i.DAC_SetChannel2Data  stm32f10x_dac.o
    0x08005d48   0x000000cc   Code   RO          618    i.DMA1_Channel1_IRQHandler  dev_adc.o
    0x08005e14   0x00000002   Code   RO         1371    i.DMA1_Channel2_IRQHandler  stm32f10x_it.o
    0x08005e16   0x00000002   Code   RO         1372    i.DMA1_Channel3_IRQHandler  stm32f10x_it.o
    0x08005e18   0x00000002   Code   RO         1373    i.DMA1_Channel4_IRQHandler  stm32f10x_it.o
    0x08005e1a   0x00000002   Code   RO         1374    i.DMA1_Channel5_IRQHandler  stm32f10x_it.o
    0x08005e1c   0x00000074   Code   RO         2471    i.DMA_ClearITPendingBit  stm32f10x_dma.o
    0x08005e90   0x000000d8   Code   RO         2472    i.DMA_Cmd           stm32f10x_dma.o
    0x08005f68   0x000001f0   Code   RO         2473    i.DMA_DeInit        stm32f10x_dma.o
    0x08006158   0x000001bc   Code   RO         2476    i.DMA_GetITStatus   stm32f10x_dma.o
    0x08006314   0x000000e8   Code   RO         2477    i.DMA_ITConfig      stm32f10x_dma.o
    0x080063fc   0x000001c4   Code   RO         2478    i.DMA_Init          stm32f10x_dma.o
    0x080065c0   0x00000002   Code   RO         1375    i.DebugMon_Handler  stm32f10x_it.o
    0x080065c2   0x00000002   Code   RO         1376    i.EXTI0_IRQHandler  stm32f10x_it.o
    0x080065c4   0x000000d0   Code   RO          954    i.EXTI9_5_IRQHandler  ops_freq_input.o
    0x08006694   0x00000058   Code   RO         2543    i.EXTI_ClearITPendingBit  stm32f10x_exti.o
    0x080066ec   0x00000128   Code   RO         2548    i.EXTI_Init         stm32f10x_exti.o
    0x08006814   0x0000005c   Code   RO         2596    i.FLASH_ClearFlag   stm32f10x_flash.o
    0x08006870   0x000000a0   Code   RO         2601    i.FLASH_ErasePage   stm32f10x_flash.o
    0x08006910   0x00000034   Code   RO         2602    i.FLASH_GetBank1Status  stm32f10x_flash.o
    0x08006944   0x00000014   Code   RO         2611    i.FLASH_Lock        stm32f10x_flash.o
    0x08006958   0x000000c0   Code   RO         2616    i.FLASH_ProgramWord  stm32f10x_flash.o
    0x08006a18   0x00000018   Code   RO         2619    i.FLASH_Unlock      stm32f10x_flash.o
    0x08006a30   0x00000026   Code   RO         2623    i.FLASH_WaitForLastOperation  stm32f10x_flash.o
    0x08006a56   0x00000002   PAD
    0x08006a58   0x000000ec   Code   RO         2896    i.GPIO_EXTILineConfig  stm32f10x_gpio.o
    0x08006b44   0x000001d0   Code   RO         2899    i.GPIO_Init         stm32f10x_gpio.o
    0x08006d14   0x00000250   Code   RO         2901    i.GPIO_PinRemapConfig  stm32f10x_gpio.o
    0x08006f64   0x00000100   Code   RO         2903    i.GPIO_ReadInputDataBit  stm32f10x_gpio.o
    0x08007064   0x00000100   Code   RO         2905    i.GPIO_ReadOutputDataBit  stm32f10x_gpio.o
    0x08007164   0x000000a8   Code   RO         2906    i.GPIO_ResetBits    stm32f10x_gpio.o
    0x0800720c   0x000000a8   Code   RO         2907    i.GPIO_SetBits      stm32f10x_gpio.o
    0x080072b4   0x00000020   Code   RO          423    i.GetKeyIn          task_keypad.o
    0x080072d4   0x0000012c   Code   RO          424    i.GetScanKeyRaw     task_keypad.o
    0x08007400   0x00000054   Code   RO          471    i.HardFault_Handler  board.o
    0x08007454   0x00000010   Code   RO         3214    i.IWDG_Enable       stm32f10x_iwdg.o
    0x08007464   0x00000010   Code   RO         3216    i.IWDG_ReloadCounter  stm32f10x_iwdg.o
    0x08007474   0x0000006c   Code   RO         3217    i.IWDG_SetPrescaler  stm32f10x_iwdg.o
    0x080074e0   0x00000058   Code   RO         3218    i.IWDG_SetReload    stm32f10x_iwdg.o
    0x08007538   0x0000005c   Code   RO         3219    i.IWDG_WriteAccessCmd  stm32f10x_iwdg.o
    0x08007594   0x000000d4   Code   RO          425    i.Keypad_scan_Handler  task_keypad.o
    0x08007668   0x00000004   Code   RO         1377    i.MemManage_Handler  stm32f10x_it.o
    0x0800766c   0x00000002   Code   RO         1378    i.NMI_Handler       stm32f10x_it.o
    0x0800766e   0x00000010   Code   RO          472    i.NVIC_Configuration  board.o
    0x0800767e   0x00000002   PAD
    0x08007680   0x000000dc   Code   RO         1733    i.NVIC_Init         misc.o
    0x0800775c   0x00000070   Code   RO         1734    i.NVIC_PriorityGroupConfig  misc.o
    0x080077cc   0x00000078   Code   RO         1735    i.NVIC_SetVectorTable  misc.o
    0x08007844   0x00000024   Code   RO          707    i.NVIC_SystemReset  dev_uart.o
    0x08007868   0x0000004c   Code   RO          473    i.PVD_IRQHandler    board.o
    0x080078b4   0x0000006c   Code   RO         3261    i.PWR_GetFlagStatus  stm32f10x_pwr.o
    0x08007920   0x00000058   Code   RO         3262    i.PWR_PVDCmd        stm32f10x_pwr.o
    0x08007978   0x00000078   Code   RO         3263    i.PWR_PVDLevelConfig  stm32f10x_pwr.o
    0x080079f0   0x00000070   Code   RO         3316    i.RCC_ADCCLKConfig  stm32f10x_rcc.o
    0x08007a60   0x00000088   Code   RO         3317    i.RCC_AHBPeriphClockCmd  stm32f10x_rcc.o
    0x08007ae8   0x00000088   Code   RO         3318    i.RCC_APB1PeriphClockCmd  stm32f10x_rcc.o
    0x08007b70   0x00000088   Code   RO         3319    i.RCC_APB1PeriphResetCmd  stm32f10x_rcc.o
    0x08007bf8   0x00000088   Code   RO         3320    i.RCC_APB2PeriphClockCmd  stm32f10x_rcc.o
    0x08007c80   0x00000088   Code   RO         3321    i.RCC_APB2PeriphResetCmd  stm32f10x_rcc.o
    0x08007d08   0x000000d4   Code   RO         3328    i.RCC_GetClocksFreq  stm32f10x_rcc.o
    0x08007ddc   0x00000002   Code   RO         1379    i.RTCAlarm_IRQHandler  stm32f10x_it.o
    0x08007dde   0x00000002   Code   RO         1380    i.RTC_IRQHandler    stm32f10x_it.o
    0x08007de0   0x00000020   Code   RO          282    i.ResetA20          task_monitor.o
    0x08007e00   0x00000094   Code   RO         3803    i.SPI_Cmd           stm32f10x_spi.o
    0x08007e94   0x000000ac   Code   RO         3810    i.SPI_I2S_DeInit    stm32f10x_spi.o
    0x08007f40   0x000000a8   Code   RO         3811    i.SPI_I2S_GetFlagStatus  stm32f10x_spi.o
    0x08007fe8   0x0000006c   Code   RO         3814    i.SPI_I2S_ReceiveData  stm32f10x_spi.o
    0x08008054   0x0000006c   Code   RO         3815    i.SPI_I2S_SendData  stm32f10x_spi.o
    0x080080c0   0x0000018c   Code   RO         3816    i.SPI_Init          stm32f10x_spi.o
    0x0800824c   0x00000008   Code   RO         4738    i.SetSysClock       system_stm32f10x.o
    0x08008254   0x0000016c   Code   RO         4739    i.SetSysClockTo72   system_stm32f10x.o
    0x080083c0   0x00000068   Code   RO         4741    i.SystemInit        system_stm32f10x.o
    0x08008428   0x00000080   Code   RO         3942    i.TI1_Config        stm32f10x_tim.o
    0x080084a8   0x00000098   Code   RO         3943    i.TI2_Config        stm32f10x_tim.o
    0x08008540   0x00000090   Code   RO         3944    i.TI3_Config        stm32f10x_tim.o
    0x080085d0   0x00000098   Code   RO         3945    i.TI4_Config        stm32f10x_tim.o
    0x08008668   0x00000002   Code   RO         1381    i.TIM2_IRQHandler   stm32f10x_it.o
    0x0800866a   0x00000002   PAD
    0x0800866c   0x0000006c   Code   RO         1693    i.TIM3_IRQHandler   dev_beep.o
    0x080086d8   0x0000005c   Code   RO         1198    i.TIM6_IRQHandler   ops_soft_time.o
    0x08008734   0x000000c8   Code   RO          955    i.TIM8_CC_IRQHandler  ops_freq_input.o
    0x080087fc   0x0000011c   Code   RO         3946    i.TIM_ARRPreloadConfig  stm32f10x_tim.o
    0x08008918   0x0000010c   Code   RO         3952    i.TIM_ClearFlag     stm32f10x_tim.o
    0x08008a24   0x0000011c   Code   RO         3958    i.TIM_Cmd           stm32f10x_tim.o
    0x08008b40   0x00000290   Code   RO         3963    i.TIM_DeInit        stm32f10x_tim.o
    0x08008dd0   0x000002b4   Code   RO         3981    i.TIM_ICInit        stm32f10x_tim.o
    0x08009084   0x0000012c   Code   RO         3983    i.TIM_ITConfig      stm32f10x_tim.o
    0x080091b0   0x00000224   Code   RO         3987    i.TIM_OC1Init       stm32f10x_tim.o
    0x080093d4   0x00000100   Code   RO         3990    i.TIM_OC1PreloadConfig  stm32f10x_tim.o
    0x080094d4   0x00000200   Code   RO         3992    i.TIM_OC2Init       stm32f10x_tim.o
    0x080096d4   0x000000cc   Code   RO         3995    i.TIM_OC2PreloadConfig  stm32f10x_tim.o
    0x080097a0   0x000001dc   Code   RO         3997    i.TIM_OC3Init       stm32f10x_tim.o
    0x0800997c   0x000000a4   Code   RO         4000    i.TIM_OC3PreloadConfig  stm32f10x_tim.o
    0x08009a20   0x00000170   Code   RO         4002    i.TIM_OC4Init       stm32f10x_tim.o
    0x08009b90   0x000000ac   Code   RO         4004    i.TIM_OC4PreloadConfig  stm32f10x_tim.o
    0x08009c3c   0x00000108   Code   RO         4024    i.TIM_SetIC1Prescaler  stm32f10x_tim.o
    0x08009d44   0x000000d4   Code   RO         4025    i.TIM_SetIC2Prescaler  stm32f10x_tim.o
    0x08009e18   0x000000b0   Code   RO         4026    i.TIM_SetIC3Prescaler  stm32f10x_tim.o
    0x08009ec8   0x000000b8   Code   RO         4027    i.TIM_SetIC4Prescaler  stm32f10x_tim.o
    0x08009f80   0x000001ac   Code   RO         4029    i.TIM_TimeBaseInit  stm32f10x_tim.o
    0x0800a12c   0x000000bc   Code   RO          708    i.USART1_IRQHandler  dev_uart.o
    0x0800a1e8   0x000000e4   Code   RO         4491    i.USART_ClearITPendingBit  stm32f10x_usart.o
    0x0800a2cc   0x000000a8   Code   RO         4494    i.USART_Cmd         stm32f10x_usart.o
    0x0800a374   0x000000fc   Code   RO         4496    i.USART_DeInit      stm32f10x_usart.o
    0x0800a470   0x000000ec   Code   RO         4497    i.USART_GetFlagStatus  stm32f10x_usart.o
    0x0800a55c   0x00000148   Code   RO         4498    i.USART_GetITStatus  stm32f10x_usart.o
    0x0800a6a4   0x00000144   Code   RO         4500    i.USART_ITConfig    stm32f10x_usart.o
    0x0800a7e8   0x00000214   Code   RO         4501    i.USART_Init        stm32f10x_usart.o
    0x0800a9fc   0x00000084   Code   RO         4508    i.USART_ReceiveData  stm32f10x_usart.o
    0x0800aa80   0x00000098   Code   RO         4511    i.USART_SendData    stm32f10x_usart.o
    0x0800ab18   0x00000054   Code   RO          875    i.USB_LP_CAN1_RX0_IRQHandler  ops_can.o
    0x0800ab6c   0x00000004   Code   RO         1382    i.UsageFault_Handler  stm32f10x_it.o
    0x0800ab70   0x00000002   Code   RO         1383    i.WWDG_IRQHandler   stm32f10x_it.o
    0x0800ab72   0x00000002   PAD
    0x0800ab74   0x00000020   Code   RO         5634    i.__0printf         mc_w.l(printfa.o)
    0x0800ab94   0x00000028   Code   RO         5636    i.__0sprintf        mc_w.l(printfa.o)
    0x0800abbc   0x0000000e   Code   RO         5753    i.__scatterload_copy  mc_w.l(handlers.o)
    0x0800abca   0x00000002   Code   RO         5754    i.__scatterload_null  mc_w.l(handlers.o)
    0x0800abcc   0x0000000e   Code   RO         5755    i.__scatterload_zeroinit  mc_w.l(handlers.o)
    0x0800abda   0x0000000a   Code   RO            1    i.__set_FAULTMASK   main.o
    0x0800abe4   0x0000000a   Code   RO          876    i.__set_FAULTMASK   ops_can.o
    0x0800abee   0x0000000a   Code   RO         1495    i.__set_FAULTMASK   system_iap.o
    0x0800abf8   0x00000184   Code   RO         5641    i._fp_digits        mc_w.l(printfa.o)
    0x0800ad7c   0x00000058   Code   RO         5037    i._init_box         rt_membox.o
    0x0800add4   0x0000000e   Code   RO         5668    i._is_digit         mc_w.l(scanf_fp.o)
    0x0800ade2   0x00000002   PAD
    0x0800ade4   0x000006dc   Code   RO         5642    i._printf_core      mc_w.l(printfa.o)
    0x0800b4c0   0x00000024   Code   RO         5643    i._printf_post_padding  mc_w.l(printfa.o)
    0x0800b4e4   0x0000002e   Code   RO         5644    i._printf_pre_padding  mc_w.l(printfa.o)
    0x0800b512   0x00000002   PAD
    0x0800b514   0x00000030   Code   RO         1199    i._soft_time_default_init  ops_soft_time.o
    0x0800b544   0x0000000a   Code   RO         5646    i._sputc            mc_w.l(printfa.o)
    0x0800b54e   0x00000002   PAD
    0x0800b550   0x000000b4   Code   RO          619    i.adc1_config       dev_adc.o
    0x0800b604   0x0000007c   Code   RO          620    i.adc1_dma_mode_config  dev_adc.o
    0x0800b680   0x00000034   Code   RO          621    i.adc1_gpio_config  dev_adc.o
    0x0800b6b4   0x00000184   Code   RO          622    i.adc_read_value    dev_adc.o
    0x0800b838   0x0000006e   Code   RO          623    i.adc_value_verify  dev_adc.o
    0x0800b8a6   0x00000056   Code   RO         1527    i.ascii_to_hex      data_tools.o
    0x0800b8fc   0x00000044   Code   RO          474    i.assert_failed     board.o
    0x0800b940   0x0000001c   Code   RO         1694    i.beep_start_handle  dev_beep.o
    0x0800b95c   0x00000044   Code   RO          877    i.bxcan_get_baud_index  ops_can.o
    0x0800b9a0   0x00000048   Code   RO          878    i.can_close         ops_can.o
    0x0800b9e8   0x0000002c   Code   RO          879    i.can_control       ops_can.o
    0x0800ba14   0x0000028c   Code   RO          187    i.can_msg_handler   task_can.o
    0x0800bca0   0x000000d4   Code   RO          880    i.can_open          ops_can.o
    0x0800bd74   0x00000078   Code   RO          881    i.can_read          ops_can.o
    0x0800bdec   0x00000098   Code   RO          188    i.can_send_data     task_can.o
    0x0800be84   0x00000148   Code   RO          334    i.can_send_pro_info  product.o
    0x0800bfcc   0x000000a8   Code   RO          882    i.can_status        ops_can.o
    0x0800c074   0x0000003c   Code   RO          883    i.can_write         ops_can.o
    0x0800c0b0   0x000000bc   Code   RO          956    i.close_freq_collect  ops_freq_input.o
    0x0800c16c   0x0000009c   Code   RO         1073    i.close_pwm_output  ops_pwm_output.o
    0x0800c208   0x0000000a   Code   RO          806    i.close_wp          dev_fm25clxx.o
    0x0800c212   0x00000050   Code   RO         1024    i.conf_switch_compare_volt  ops_io_input.o
    0x0800c262   0x00000002   PAD
    0x0800c264   0x0000016c   Code   RO         1025    i.conf_switch_mode  ops_io_input.o
    0x0800c3d0   0x00000026   Code   RO         1189    i.count_branch_res  ops_resistan.o
    0x0800c3f6   0x0000003e   Code   RO         1183    i.count_general_res  ops_resistan.o
    0x0800c434   0x00000048   Code   RO          671    i.dac1_hw_init      dev_dac.o
    0x0800c47c   0x00000048   Code   RO          672    i.dac2_hw_init      dev_dac.o
    0x0800c4c4   0x0000000c   Code   RO          673    i.dac_get_value     dev_dac.o
    0x0800c4d0   0x00000080   Code   RO          674    i.dac_set_output    dev_dac.o
    0x0800c550   0x00000018   Code   RO         1200    i.delay_ms          ops_soft_time.o
    0x0800c568   0x0000001a   Code   RO         1201    i.delay_us          ops_soft_time.o
    0x0800c582   0x00000002   PAD
    0x0800c584   0x0000007c   Code   RO         1606    i.dev_free          dev_memory.o
    0x0800c600   0x000000b4   Code   RO         1607    i.dev_malloc        dev_memory.o
    0x0800c6b4   0x00000028   Code   RO         1608    i.dev_mem_init      dev_memory.o
    0x0800c6dc   0x00000026   Code   RO          475    i.dev_nvic_init     board.o
    0x0800c702   0x00000002   PAD
    0x0800c704   0x0000009c   Code   RO         1496    i.flash_area_erase  system_iap.o
    0x0800c7a0   0x000000b4   Code   RO         1497    i.flash_area_write  system_iap.o
    0x0800c854   0x00000044   Code   RO         1498    i.flash_update_mark  system_iap.o
    0x0800c898   0x00000004   Code   RO          807    i.fm25_lock         dev_fm25clxx.o
    0x0800c89c   0x0000008c   Code   RO          808    i.fm25_read         dev_fm25clxx.o
    0x0800c928   0x0000001c   Code   RO          809    i.fm25_read_status  dev_fm25clxx.o
    0x0800c944   0x0000006c   Code   RO          811    i.fm25_spi_init     dev_fm25clxx.o
    0x0800c9b0   0x00000034   Code   RO          813    i.fm25_write_status  dev_fm25clxx.o
    0x0800c9e4   0x0000008c   Code   RO          814    i.fm_erasure        dev_fm25clxx.o
    0x0800ca70   0x00000028   Code   RO          709    i.fputc             dev_uart.o
    0x0800ca98   0x000000e0   Code   RO          957    i.freq_collect_timer_init  ops_freq_input.o
    0x0800cb78   0x000000d8   Code   RO          958    i.freq_count        ops_freq_input.o
    0x0800cc50   0x000001c8   Code   RO          959    i.freq_status_default_init  ops_freq_input.o
    0x0800ce18   0x0000003c   Code   RO          710    i.get_bin_file      dev_uart.o
    0x0800ce54   0x000000a8   Code   RO          960    i.get_freq_measure_result  ops_freq_input.o
    0x0800cefc   0x0000000c   Code   RO         1202    i.get_hw_time_tick  ops_soft_time.o
    0x0800cf08   0x00000250   Code   RO         1163    i.get_res_measure_result  ops_resistan.o
    0x0800d158   0x00000068   Code   RO          335    i.get_soft_library_info  product.o
    0x0800d1c0   0x00000054   Code   RO          476    i.get_stm32_mcu_id  board.o
    0x0800d214   0x000003b0   Code   RO         1026    i.get_switch_status  ops_io_input.o
    0x0800d5c4   0x000001dc   Code   RO         1146    i.get_volt_current_measure_result  ops_volt_current..o
    0x0800d7a0   0x00000024   Code   RO          782    i.gpio_exti_init    dev_gpio.o
    0x0800d7c4   0x00000020   Code   RO          783    i.gpio_set_mode     dev_gpio.o
    0x0800d7e4   0x00000010   Code   RO          624    i.hw_adc_init       dev_adc.o
    0x0800d7f4   0x00000054   Code   RO          477    i.hw_board_init     board.o
    0x0800d848   0x00000040   Code   RO          884    i.hw_can_init       ops_can.o
    0x0800d888   0x0000000c   Code   RO          675    i.hw_dac_init       dev_dac.o
    0x0800d894   0x00000398   Code   RO          784    i.hw_gpio_init      dev_gpio.o
    0x0800dc2c   0x0000005c   Code   RO          478    i.hw_pvd_init       board.o
    0x0800dc88   0x0000003c   Code   RO         1075    i.hw_pwm_dac_out_init  ops_pwm_output.o
    0x0800dcc4   0x0000002c   Code   RO         1076    i.hw_pwm_out_init   ops_pwm_output.o
    0x0800dcf0   0x00000078   Code   RO         1695    i.hw_time3_init     dev_beep.o
    0x0800dd68   0x00000078   Code   RO         1203    i.hw_time6_init     ops_soft_time.o
    0x0800dde0   0x000000cc   Code   RO          711    i.hw_uart_init      dev_uart.o
    0x0800deac   0x00000098   Code   RO          885    i.isr_can_updata    ops_can.o
    0x0800df44   0x00000028   Code   RO         4861    i.isr_evt_set       rt_event.o
    0x0800df6c   0x00000370   Code   RO          961    i.isr_updata_freq_s  ops_freq_input.o
    0x0800e2dc   0x00000008   Code   RO          479    i.iwdg_feed         board.o
    0x0800e2e4   0x00000024   Code   RO          480    i.iwdg_init         board.o
    0x0800e308   0x00000038   Code   RO          426    i.keypad_send_handle  task_keypad.o
    0x0800e340   0x0000006c   Code   RO          283    i.led_handle        task_monitor.o
    0x0800e3ac   0x00000034   Code   RO            2    i.main              main.o
    0x0800e3e0   0x0000018c   Code   RO          962    i.open_freq_collect  ops_freq_input.o
    0x0800e56c   0x00000204   Code   RO         1078    i.open_pwm_dac_outup  ops_pwm_output.o
    0x0800e770   0x000001fc   Code   RO         1079    i.open_pwm_outup    ops_pwm_output.o
    0x0800e96c   0x0000000a   Code   RO          815    i.open_wp           dev_fm25clxx.o
    0x0800e976   0x00000004   Code   RO         1460    i.os_error          rtx_conf_cm.o
    0x0800e97a   0x00000004   Code   RO         1461    i.os_idle_demon     rtx_conf_cm.o
    0x0800e97e   0x00000002   PAD
    0x0800e980   0x00000030   Code   RO         5148    i.os_tick_init      rt_system.o
    0x0800e9b0   0x00000002   Code   RO         5149    i.os_tick_irqack    rt_system.o
    0x0800e9b2   0x00000002   Code   RO         1462    i.os_tmr_call       rtx_conf_cm.o
    0x0800e9b4   0x000000ec   Code   RO          963    i.printf_freq_collect_status  ops_freq_input.o
    0x0800eaa0   0x00000100   Code   RO         1164    i.printf_res_collect_status  ops_resistan.o
    0x0800eba0   0x000000dc   Code   RO         1027    i.printf_sw_collect_status  ops_io_input.o
    0x0800ec7c   0x0000016c   Code   RO         1147    i.printf_volt_current_collect_status  ops_volt_current..o
    0x0800ede8   0x00000016   Code   RO         1316    i.pro_storage_read  ops_storage.o
    0x0800edfe   0x00000002   PAD
    0x0800ee00   0x00000038   Code   RO         1080    i.pwm_dac_init      ops_pwm_output.o
    0x0800ee38   0x000000e4   Code   RO          285    i.read_application_info  task_monitor.o
    0x0800ef1c   0x0000001e   Code   RO         5038    i.rt_alloc_box      rt_membox.o
    0x0800ef3a   0x00000002   PAD
    0x0800ef3c   0x00000038   Code   RO         5232    i.rt_block          rt_task.o
    0x0800ef74   0x00000058   Code   RO         5090    i.rt_chk_robin      rt_robin.o
    0x0800efcc   0x00000094   Code   RO         4903    i.rt_dec_dly        rt_list.o
    0x0800f060   0x00000050   Code   RO         5233    i.rt_dispatch       rt_task.o
    0x0800f0b0   0x0000000e   Code   RO         5316    i.rt_dly_wait       rt_time.o
    0x0800f0be   0x00000002   PAD
    0x0800f0c0   0x0000000c   Code   RO         4863    i.rt_evt_get        rt_event.o
    0x0800f0cc   0x00000058   Code   RO         4864    i.rt_evt_psh        rt_event.o
    0x0800f124   0x00000074   Code   RO         4866    i.rt_evt_wait       rt_event.o
    0x0800f198   0x00000024   Code   RO         5039    i.rt_free_box       rt_membox.o
    0x0800f1bc   0x00000028   Code   RO         5234    i.rt_get_TID        rt_task.o
    0x0800f1e4   0x00000032   Code   RO         4904    i.rt_get_first      rt_list.o
    0x0800f216   0x00000002   PAD
    0x0800f218   0x0000004c   Code   RO         5235    i.rt_init_context   rt_task.o
    0x0800f264   0x00000018   Code   RO         5091    i.rt_init_robin     rt_robin.o
    0x0800f27c   0x00000054   Code   RO         4802    i.rt_init_stack     hal_cm3.o
    0x0800f2d0   0x000000e4   Code   RO         4988    i.rt_mbx_psh        rt_mailbox.o
    0x0800f3b4   0x000000a8   Code   RO         5150    i.rt_pop_req        rt_system.o
    0x0800f45c   0x00000024   Code   RO         5151    i.rt_psh_req        rt_system.o
    0x0800f480   0x0000007c   Code   RO         4906    i.rt_psq_enq        rt_list.o
    0x0800f4fc   0x0000005c   Code   RO         4907    i.rt_put_dly        rt_list.o
    0x0800f558   0x00000040   Code   RO         4908    i.rt_put_prio       rt_list.o
    0x0800f598   0x00000014   Code   RO         4909    i.rt_put_rdy_first  rt_list.o
    0x0800f5ac   0x00000028   Code   RO         4911    i.rt_rmv_dly        rt_list.o
    0x0800f5d4   0x00000034   Code   RO         4912    i.rt_rmv_list       rt_list.o
    0x0800f608   0x00000010   Code   RO         5112    i.rt_sem_init       rt_semaphore.o
    0x0800f618   0x00000038   Code   RO         5113    i.rt_sem_psh        rt_semaphore.o
    0x0800f650   0x00000040   Code   RO         5114    i.rt_sem_send       rt_semaphore.o
    0x0800f690   0x00000050   Code   RO         5115    i.rt_sem_wait       rt_semaphore.o
    0x0800f6e0   0x00000030   Code   RO         5153    i.rt_stk_check      rt_system.o
    0x0800f710   0x00000010   Code   RO         5236    i.rt_switch_req     rt_task.o
    0x0800f720   0x00000184   Code   RO         5237    i.rt_sys_init       rt_task.o
    0x0800f8a4   0x00000044   Code   RO         5155    i.rt_systick        rt_system.o
    0x0800f8e8   0x0000004c   Code   RO         5351    i.rt_tmr_tick       rt_timer.o
    0x0800f934   0x00000068   Code   RO         5238    i.rt_tsk_create     rt_task.o
    0x0800f99c   0x00000180   Code   RO         5239    i.rt_tsk_delete     rt_task.o
    0x0800fb1c   0x000000cc   Code   RO            3    i.rtx_task_init     main.o
    0x0800fbe8   0x00000070   Code   RO          886    i.set_filter        ops_can.o
    0x0800fc58   0x00000088   Code   RO         1054    i.set_switch_output  ops_io_output.o
    0x0800fce0   0x0000006c   Code   RO          481    i.show_lib_version  board.o
    0x0800fd4c   0x000000ac   Code   RO         1206    i.soft_time_create  ops_soft_time.o
    0x0800fdf8   0x00000030   Code   RO         1208    i.soft_time_list_init  ops_soft_time.o
    0x0800fe28   0x00000020   Code   RO         1210    i.soft_time_start   ops_soft_time.o
    0x0800fe48   0x0000001c   Code   RO         1211    i.soft_time_stop    ops_soft_time.o
    0x0800fe64   0x000000ac   Code   RO         1212    i.soft_time_truns   ops_soft_time.o
    0x0800ff10   0x00000064   Code   RO          816    i.spi_readwrite     dev_fm25clxx.o
    0x0800ff74   0x00000012   Code   RO         1320    i.storage_format    ops_storage.o
    0x0800ff86   0x00000008   Code   RO         1321    i.storage_open      ops_storage.o
    0x0800ff8e   0x0000001c   Code   RO         1322    i.storage_read      ops_storage.o
    0x0800ffaa   0x00000022   Code   RO         1537    i.sum_16bit_verify  data_tools.o
    0x0800ffcc   0x000000a0   Code   RO          482    i.switch_mode_default_init  board.o
    0x0801006c   0x000000e8   Code   RO          483    i.sys_get_reset_type  board.o
    0x08010154   0x0000010c   Code   RO          189    i.task_can          task_can.o
    0x08010260   0x0000006c   Code   RO          427    i.task_keypad       task_keypad.o
    0x080102cc   0x00000118   Code   RO          286    i.task_monitor      task_monitor.o
    0x080103e4   0x00000024   Code   RO         1214    i.task_soft_time    ops_soft_time.o
    0x08010408   0x00000068   Code   RO          249    i.task_uart         task_uart.o
    0x08010470   0x000004f4   Code   RO          250    i.uart_cmd_handler  task_uart.o
    0x08010964   0x000002cc   Code   RO          713    i.uart_iap_handle   dev_uart.o
    0x08010c30   0x00000028   Code   RO          714    i.uart_iap_timeout  dev_uart.o
    0x08010c58   0x00000002   Code   RO          428    i.uart_key_handler  task_keypad.o
    0x08010c5a   0x00000002   PAD
    0x08010c5c   0x000000ec   Code   RO          715    i.uart_open         dev_uart.o
    0x08010d48   0x00000070   Code   RO          716    i.uart_send_data_package  dev_uart.o
    0x08010db8   0x000000e0   Code   RO          348    i.view_product_info  product.o
    0x08010e98   0x00000004   Data   RO          289    .constdata          task_monitor.o
    0x08010e9c   0x00000004   Data   RO          350    .constdata          product.o
    0x08010ea0   0x0000000c   Data   RO          718    .constdata          dev_uart.o
    0x08010eac   0x00000048   Data   RO          888    .constdata          ops_can.o
    0x08010ef4   0x00000028   Data   RO         1464    .constdata          rtx_conf_cm.o
    0x08010f1c   0x00000004   Data   RO         5158    .constdata          rt_system.o
    0x08010f20   0x00000040   Data   RO         5749    .constdata          mc_w.l(ctype_c.o)
    0x08010f60   0x00000133   Data   RO          252    .conststring        task_uart.o
    0x08011093   0x00000001   PAD
    0x08011094   0x000000be   Data   RO          889    .conststring        ops_can.o
    0x08011152   0x00000002   PAD
    0x08011154   0x00000020   Data   RO         5751    Region$$Table       anon$$obj.o


    Execution Region RW_IRAM1 (Base: 0x20000000, Size: 0x000053e0, Max: 0x0000c000, ABSOLUTE, COMPRESSED[0x000000d8])

    Base Addr    Size         Type   Attr      Idx    E Section Name        Object

    0x20000000   0x00000004   Data   RW            4    .data               main.o
    0x20000004   0x000000bc   Data   RW          191    .data               task_can.o
    0x200000c0   0x00000004   Data   RW          253    .data               task_uart.o
    0x200000c4   0x00000010   Data   RW          290    .data               task_monitor.o
    0x200000d4   0x00000037   Data   RW          351    .data               product.o
    0x2000010b   0x00000005   PAD
    0x20000110   0x00000018   Data   RW          430    .data               task_keypad.o
    0x20000128   0x00000028   Data   RW          485    .data               board.o
    0x20000150   0x00000059   Data   RW          626    .data               dev_adc.o
    0x200001a9   0x00000003   PAD
    0x200001ac   0x00000004   Data   RW          719    .data               dev_uart.o
    0x200001b0   0x00000010   Data   RW          890    .data               ops_can.o
    0x200001c0   0x00000164   Data   RW          966    .data               ops_freq_input.o
    0x20000324   0x0000000c   Data   RW         1217    .data               ops_soft_time.o
    0x20000330   0x00000004   Data   RW         1465    .data               rtx_conf_cm.o
    0x20000334   0x00000001   Data   RW         1610    .data               dev_memory.o
    0x20000335   0x00000001   PAD
    0x20000336   0x00000006   Data   RW         1697    .data               dev_beep.o
    0x2000033c   0x00000014   Data   RW         3348    .data               stm32f10x_rcc.o
    0x20000350   0x00000014   Data   RW         4742    .data               system_stm32f10x.o
    0x20000364   0x00000008   Data   RW         5092    .data               rt_robin.o
    0x2000036c   0x00000007   Data   RW         5159    .data               rt_system.o
    0x20000373   0x00000001   PAD
    0x20000374   0x00000008   Data   RW         5244    .data               rt_task.o
    0x2000037c   0x00000004   Data   RW         5320    .data               rt_time.o
    0x20000380   0x00000008   Data   RW         5352    .data               rt_timer.o
    0x20000388   0x00000004   Data   RW         5716    .data               mc_w.l(stdout.o)
    0x2000038c   0x000008bc   Zero   RW          190    .bss                task_can.o
    0x20000c48   0x00000400   Zero   RW          251    .bss                task_uart.o
    0x20001048   0x00000a0d   Zero   RW          288    .bss                task_monitor.o
    0x20001a55   0x00000003   PAD
    0x20001a58   0x00000203   Zero   RW          349    .bss                product.o
    0x20001c5b   0x00000001   PAD
    0x20001c5c   0x00000416   Zero   RW          429    .bss                task_keypad.o
    0x20002072   0x00000002   PAD
    0x20002074   0x0000000c   Zero   RW          484    .bss                board.o
    0x20002080   0x000000e0   Zero   RW          625    .bss                dev_adc.o
    0x20002160   0x0000004c   Zero   RW          717    .bss                dev_uart.o
    0x200021ac   0x00000024   Zero   RW          887    .bss                ops_can.o
    0x200021d0   0x00000020   Zero   RW         1083    .bss                ops_pwm_output.o
    0x200021f0   0x00000900   Zero   RW         1216    .bss                ops_soft_time.o
    0x20002af0   0x00001484   Zero   RW         1463    .bss                rtx_conf_cm.o
    0x20003f74   0x00001000   Zero   RW         1609    .bss                dev_memory.o
    0x20004f74   0x00000030   Zero   RW         4913    .bss                rt_list.o
    0x20004fa4   0x00000038   Zero   RW         5243    .bss                rt_task.o
    0x20004fdc   0x00000004   PAD
    0x20004fe0   0x00000400   Zero   RW         4791    STACK               startup_stm32f10x_hd.o


==============================================================================

Image component sizes


      Code (inc. data)   RO Data    RW Data    ZI Data      Debug   Object Name

      1086        382          0         40         12      31854   board.o
         0          0          0          0          0         32   core_cm3.o
       120          0          0          0          0       1622   data_tools.o
      1074         58          0         89        224       4469   dev_adc.o
       256         30          0          6          0       2102   dev_beep.o
       296         16          0          0          0       2521   dev_dac.o
       592         76          0          0          0       5489   dev_fm25clxx.o
       988         26          0          0          0       2332   dev_gpio.o
       344         24          0          1       4096       2856   dev_memory.o
      1632        336         12          4         76       7644   dev_uart.o
       424         40          0          0          0       3308   hal_cm3.o
       266         88          0          4          0     335137   main.o
       452        182          0          0          0       2325   misc.o
      1166        136        262         16         36       7864   ops_can.o
      3172        254          0        356          0       7654   ops_freq_input.o
      1608        164          0          0          0       3178   ops_io_input.o
       136          6          0          0          0        632   ops_io_output.o
      1340        198          0          0         32       4016   ops_pwm_output.o
       948        168          0          0          0       3080   ops_resistan.o
       810         50          0         12       2304       7923   ops_soft_time.o
        76          0          0          0          0       2386   ops_storage.o
       840        248          0          0          0       1806   ops_volt_current..o
       656        214          4         55        515       6577   product.o
       256         20          0          0          0       2386   rt_event.o
       590         30          0          0         48       7556   rt_list.o
       228          6          0          0          0        717   rt_mailbox.o
       154          0          0          0          0       1961   rt_membox.o
       112         22          0          8          0       1130   rt_robin.o
       216         16          0          0          0       2351   rt_semaphore.o
       370         56          4          7          0       4002   rt_system.o
      1144        146          0          8         56       5862   rt_task.o
        14          0          0          4          0        700   rt_time.o
        76         10          0          8          0        723   rt_timer.o
        10          0         40          4       5252       9912   rtx_conf_cm.o
        36          8        304          0       1024        792   startup_stm32f10x_hd.o
      1944        682          0          0          0       8964   stm32f10x_adc.o
      2240        388          0          0          0       5561   stm32f10x_can.o
       928        302          0          0          0       4090   stm32f10x_dac.o
      1956        430          0          0          0       6071   stm32f10x_dma.o
       384        120          0          0          0       1701   stm32f10x_exti.o
       578        212          0          0          0       5608   stm32f10x_flash.o
      2140        628          0          0          0       6789   stm32f10x_gpio.o
        34          0          0          0          0       5883   stm32f10x_it.o
       320        198          0          0          0       2714   stm32f10x_iwdg.o
       316        182          0          0          0       1826   stm32f10x_pwr.o
      1004        406          0         20          0       7215   stm32f10x_rcc.o
      1100        414          0          0          0       5003   stm32f10x_spi.o
      7024       1992          0          0          0      18225   stm32f10x_tim.o
      2352        700          0          0          0       8386   stm32f10x_usart.o
         4          4          0          0          0        212   svc_table.o
       414        118          0          0          0       3398   system_iap.o
       476         28          0         20          0       2209   system_stm32f10x.o
      2292        234          0        188       2236       7791   task_can.o
       710        118          0         24       1046       4547   task_keypad.o
       648        128          4         16       2573       4029   task_monitor.o
      1372        606        307          4       1024      17502   task_uart.o

    ----------------------------------------------------------------------
     49750      10900        972        904      20564     612623   Object Totals
         0          0         32          0          0          0   (incl. Generated)
        26          0          3         10         10          0   (incl. Padding)

    ----------------------------------------------------------------------

      Code (inc. data)   RO Data    RW Data    ZI Data      Debug   Library Member Name

        56          8          0          0          0         84   __0sscanf.o
        86          0          0          0          0          0   __dczerorl2.o
        28          0          0          0          0         68   _chval.o
       812          4          0          0          0        112   _scanf.o
       332          0          0          0          0         96   _scanf_int.o
        64          0          0          0          0         84   _sgetc.o
        40          6         64          0          0         68   ctype_c.o
         0          0          0          0          0          0   entry.o
         0          0          0          0          0          0   entry10a.o
         0          0          0          0          0          0   entry11a.o
         8          4          0          0          0          0   entry2.o
         4          0          0          0          0          0   entry5.o
         0          0          0          0          0          0   entry7b.o
         0          0          0          0          0          0   entry8b.o
         8          4          0          0          0          0   entry9a.o
        30          0          0          0          0          0   handlers.o
        36          8          0          0          0         68   init.o
        10          0          0          0          0         68   isspace_c.o
         0          0          0          0          0          0   iusefp.o
        30          0          0          0          0         68   llshl.o
        36          0          0          0          0         68   llsshr.o
        32          0          0          0          0         68   llushr.o
        26          0          0          0          0         80   memcmp.o
        36          0          0          0          0         68   memcpya.o
        36          0          0          0          0        108   memseta.o
      2308         96          0          0          0        604   printfa.o
        40          8          0          0          0         84   scanf_char.o
       838         12          0          0          0        216   scanf_fp.o
         0          0          0          4          0          0   stdout.o
        14          0          0          0          0         68   strlen.o
        36          0          0          0          0         80   strstr.o
        44          0          0          0          0         80   uidiv.o
        98          0          0          0          0         92   uldiv.o
        48          0          0          0          0         68   cdcmple.o
        48          0          0          0          0         68   cdrcmple.o
        20          0          0          0          0         68   cfcmple.o
        20          0          0          0          0         68   cfrcmple.o
        56          0          0          0          0         88   d2f.o
       334          0          0          0          0        148   dadd.o
       222          0          0          0          0        100   ddiv.o
       186          0          0          0          0        176   depilogue.o
        48          0          0          0          0         68   dfixul.o
        24          0          0          0          0         76   dfltul.o
       228          0          0          0          0         96   dmul.o
        38          0          0          0          0         68   f2d.o
       176          0          0          0          0        140   fadd.o
       124          0          0          0          0         88   fdiv.o
       110          0          0          0          0        168   fepilogue.o
        40          0          0          0          0         68   ffixui.o
        10          0          0          0          0         68   ffltui.o
       100          0          0          0          0         76   fmul.o

    ----------------------------------------------------------------------
      6930        150         64          4          0       4032   Library Totals
        10          0          0          0          0          0   (incl. Padding)

    ----------------------------------------------------------------------

      Code (inc. data)   RO Data    RW Data    ZI Data      Debug   Library Name

      5088        150         64          4          0       2332   mc_w.l
      1832          0          0          0          0       1700   mf_w.l

    ----------------------------------------------------------------------
      6930        150         64          4          0       4032   Library Totals

    ----------------------------------------------------------------------

==============================================================================


      Code (inc. data)   RO Data    RW Data    ZI Data      Debug   

     56680      11050       1036        908      20564     599467   Grand Totals
     56680      11050       1036        216      20564     599467   ELF Image Totals (compressed)
     56680      11050       1036        216          0          0   ROM Totals

==============================================================================

    Total RO  Size (Code + RO Data)                57716 (  56.36kB)
    Total RW  Size (RW Data + ZI Data)             21472 (  20.97kB)
    Total ROM Size (Code + RO Data + RW Data)      57932 (  56.57kB)

==============================================================================

